../Drivers/CMSIS/Include/core_cm0plus.h:987:34:__NVIC_SystemReset	8	static,ignoring_inline_asm
../STM32_BLE/App/app_ble.c:84:6:ModulesInit	8	static
../STM32_BLE/App/app_ble.c:93:6:BLE_Init	80	static
../STM32_BLE/App/app_ble.c:227:6:BLEStack_Process_Schedule	8	static
../STM32_BLE/App/app_ble.c:233:13:BLEStack_Process	8	static
../STM32_BLE/App/app_ble.c:241:6:VTimer_Process	8	static
../STM32_BLE/App/app_ble.c:246:6:VTimer_Process_Schedule	8	static
../STM32_BLE/App/app_ble.c:250:6:NVM_Process	8	static
../STM32_BLE/App/app_ble.c:255:6:NVM_Process_Schedule	8	static
../STM32_BLE/App/app_ble.c:261:6:HAL_RADIO_TIMER_TxRxWakeUpCallback	8	static
../STM32_BLE/App/app_ble.c:267:6:HAL_RADIO_TIMER_CpuWakeUpCallback	8	static
../STM32_BLE/App/app_ble.c:273:6:HAL_RADIO_TxRxCallback	16	static
../STM32_BLE/App/app_ble.c:283:6:HAL_RADIO_RRMCallback	16	static
../STM32_BLE/App/app_ble.c:288:6:BLE_STACK_ProcessRequest	8	static
../STM32_BLE/App/app_ble.c:294:6:APP_BLE_Init	8	static
../STM32_BLE/App/app_ble.c:335:6:BLEEVT_App_Notification	16	static
../STM32_BLE/App/app_ble.c:342:6:hci_hardware_error_event	16	static
