Archive member included to satisfy reference by file (symbol)

C:/ST/STM32CubeIDE_2.1.1/STM32CubeIDE/plugins/com.st.stm32cube.ide.mcu.externaltools.gnu-tools-for-stm32.14.3.rel1.win32_1.0.100.202602081740/tools/bin/../lib/gcc/arm-none-eabi/14.3.1/../../../../arm-none-eabi/lib/thumb/v7e-m+fp/hard\libc_nano.a(libc_a-exit.o)
                              C:/ST/STM32CubeIDE_2.1.1/STM32CubeIDE/plugins/com.st.stm32cube.ide.mcu.externaltools.gnu-tools-for-stm32.14.3.rel1.win32_1.0.100.202602081740/tools/bin/../lib/gcc/arm-none-eabi/14.3.1/../../../../arm-none-eabi/lib/thumb/v7e-m+fp/hard/crt0.o (exit)
C:/ST/STM32CubeIDE_2.1.1/STM32CubeIDE/plugins/com.st.stm32cube.ide.mcu.externaltools.gnu-tools-for-stm32.14.3.rel1.win32_1.0.100.202602081740/tools/bin/../lib/gcc/arm-none-eabi/14.3.1/../../../../arm-none-eabi/lib/thumb/v7e-m+fp/hard\libc_nano.a(libc_a-findfp.o)
                              C:/ST/STM32CubeIDE_2.1.1/STM32CubeIDE/plugins/com.st.stm32cube.ide.mcu.externaltools.gnu-tools-for-stm32.14.3.rel1.win32_1.0.100.202602081740/tools/bin/../lib/gcc/arm-none-eabi/14.3.1/../../../../arm-none-eabi/lib/thumb/v7e-m+fp/hard\libc_nano.a(libc_a-exit.o) (__stdio_exit_handler)
C:/ST/STM32CubeIDE_2.1.1/STM32CubeIDE/plugins/com.st.stm32cube.ide.mcu.externaltools.gnu-tools-for-stm32.14.3.rel1.win32_1.0.100.202602081740/tools/bin/../lib/gcc/arm-none-eabi/14.3.1/../../../../arm-none-eabi/lib/thumb/v7e-m+fp/hard\libc_nano.a(libc_a-fwalk.o)
                              C:/ST/STM32CubeIDE_2.1.1/STM32CubeIDE/plugins/com.st.stm32cube.ide.mcu.externaltools.gnu-tools-for-stm32.14.3.rel1.win32_1.0.100.202602081740/tools/bin/../lib/gcc/arm-none-eabi/14.3.1/../../../../arm-none-eabi/lib/thumb/v7e-m+fp/hard\libc_nano.a(libc_a-findfp.o) (_fwalk_sglue)
C:/ST/STM32CubeIDE_2.1.1/STM32CubeIDE/plugins/com.st.stm32cube.ide.mcu.externaltools.gnu-tools-for-stm32.14.3.rel1.win32_1.0.100.202602081740/tools/bin/../lib/gcc/arm-none-eabi/14.3.1/../../../../arm-none-eabi/lib/thumb/v7e-m+fp/hard\libc_nano.a(libc_a-stdio.o)
                              C:/ST/STM32CubeIDE_2.1.1/STM32CubeIDE/plugins/com.st.stm32cube.ide.mcu.externaltools.gnu-tools-for-stm32.14.3.rel1.win32_1.0.100.202602081740/tools/bin/../lib/gcc/arm-none-eabi/14.3.1/../../../../arm-none-eabi/lib/thumb/v7e-m+fp/hard\libc_nano.a(libc_a-findfp.o) (__sread)
C:/ST/STM32CubeIDE_2.1.1/STM32CubeIDE/plugins/com.st.stm32cube.ide.mcu.externaltools.gnu-tools-for-stm32.14.3.rel1.win32_1.0.100.202602081740/tools/bin/../lib/gcc/arm-none-eabi/14.3.1/../../../../arm-none-eabi/lib/thumb/v7e-m+fp/hard\libc_nano.a(libc_a-memset.o)
                              C:/ST/STM32CubeIDE_2.1.1/STM32CubeIDE/plugins/com.st.stm32cube.ide.mcu.externaltools.gnu-tools-for-stm32.14.3.rel1.win32_1.0.100.202602081740/tools/bin/../lib/gcc/arm-none-eabi/14.3.1/../../../../arm-none-eabi/lib/thumb/v7e-m+fp/hard/crt0.o (memset)
C:/ST/STM32CubeIDE_2.1.1/STM32CubeIDE/plugins/com.st.stm32cube.ide.mcu.externaltools.gnu-tools-for-stm32.14.3.rel1.win32_1.0.100.202602081740/tools/bin/../lib/gcc/arm-none-eabi/14.3.1/../../../../arm-none-eabi/lib/thumb/v7e-m+fp/hard\libc_nano.a(libc_a-closer.o)
                              C:/ST/STM32CubeIDE_2.1.1/STM32CubeIDE/plugins/com.st.stm32cube.ide.mcu.externaltools.gnu-tools-for-stm32.14.3.rel1.win32_1.0.100.202602081740/tools/bin/../lib/gcc/arm-none-eabi/14.3.1/../../../../arm-none-eabi/lib/thumb/v7e-m+fp/hard\libc_nano.a(libc_a-stdio.o) (_close_r)
C:/ST/STM32CubeIDE_2.1.1/STM32CubeIDE/plugins/com.st.stm32cube.ide.mcu.externaltools.gnu-tools-for-stm32.14.3.rel1.win32_1.0.100.202602081740/tools/bin/../lib/gcc/arm-none-eabi/14.3.1/../../../../arm-none-eabi/lib/thumb/v7e-m+fp/hard\libc_nano.a(libc_a-reent.o)
                              C:/ST/STM32CubeIDE_2.1.1/STM32CubeIDE/plugins/com.st.stm32cube.ide.mcu.externaltools.gnu-tools-for-stm32.14.3.rel1.win32_1.0.100.202602081740/tools/bin/../lib/gcc/arm-none-eabi/14.3.1/../../../../arm-none-eabi/lib/thumb/v7e-m+fp/hard\libc_nano.a(libc_a-closer.o) (errno)
C:/ST/STM32CubeIDE_2.1.1/STM32CubeIDE/plugins/com.st.stm32cube.ide.mcu.externaltools.gnu-tools-for-stm32.14.3.rel1.win32_1.0.100.202602081740/tools/bin/../lib/gcc/arm-none-eabi/14.3.1/../../../../arm-none-eabi/lib/thumb/v7e-m+fp/hard\libc_nano.a(libc_a-impure.o)
                              C:/ST/STM32CubeIDE_2.1.1/STM32CubeIDE/plugins/com.st.stm32cube.ide.mcu.externaltools.gnu-tools-for-stm32.14.3.rel1.win32_1.0.100.202602081740/tools/bin/../lib/gcc/arm-none-eabi/14.3.1/../../../../arm-none-eabi/lib/thumb/v7e-m+fp/hard\libc_nano.a(libc_a-reent.o) (_impure_ptr)
C:/ST/STM32CubeIDE_2.1.1/STM32CubeIDE/plugins/com.st.stm32cube.ide.mcu.externaltools.gnu-tools-for-stm32.14.3.rel1.win32_1.0.100.202602081740/tools/bin/../lib/gcc/arm-none-eabi/14.3.1/../../../../arm-none-eabi/lib/thumb/v7e-m+fp/hard\libc_nano.a(libc_a-lseekr.o)
[...]
Memory Configuration

Name             Origin             Length             Attributes
FLASH            0x08000000         0x00080000         xr
RAM              0x20000008         0x0002fff8         xrw
RAM_SHARED       0x20030000         0x00002800         xrw
*default*        0x00000000         0xffffffff

Linker script and memory map

LOAD C:/ST/STM32CubeIDE_2.1.1/STM32CubeIDE/plugins/com.st.stm32cube.ide.mcu.externaltools.gnu-tools-for-stm32.14.3.rel1.win32_1.0.100.202602081740/tools/bin/../lib/gcc/arm-none-eabi/14.3.1/thumb/v7e-m+fp/hard/crti.o
LOAD C:/ST/STM32CubeIDE_2.1.1/STM32CubeIDE/plugins/com.st.stm32cube.ide.mcu.externaltools.gnu-tools-for-stm32.14.3.rel1.win32_1.0.100.202602081740/tools/bin/../lib/gcc/arm-none-eabi/14.3.1/thumb/v7e-m+fp/hard/crtbegin.o
LOAD C:/ST/STM32CubeIDE_2.1.1/STM32CubeIDE/plugins/com.st.stm32cube.ide.mcu.externaltools.gnu-tools-for-stm32.14.3.rel1.win32_1.0.100.202602081740/tools/bin/../lib/gcc/arm-none-eabi/14.3.1/../../../../arm-none-eabi/lib/thumb/v7e-m+fp/hard/crt0.o
LOAD ./Core/Src/board_sx126x_calls.o
LOAD ./Core/Src/board_sx126x_hal.o
LOAD ./Core/Src/main.o
LOAD ./Core/Src/stm32wbxx_hal_msp.o
LOAD ./Core/Src/stm32wbxx_it.o
LOAD ./Core/Src/syscalls.o
LOAD ./Core/Src/sysmem.o
LOAD ./Core/Src/system_stm32wbxx.o
LOAD ./Core/Startup/startup_stm32wb55rgvx.o
LOAD ./Drivers/BSP/P-NUCLEO-WB55.Nucleo/stm32wbxx_nucleo.o
LOAD ./Drivers/STM32WBxx_HAL_Driver/Src/stm32wbxx_hal.o
LOAD ./Drivers/STM32WBxx_HAL_Driver/Src/stm32wbxx_hal_cortex.o
LOAD ./Drivers/STM32WBxx_HAL_Driver/Src/stm32wbxx_hal_dma.o
LOAD ./Drivers/STM32WBxx_HAL_Driver/Src/stm32wbxx_hal_dma_ex.o
LOAD ./Drivers/STM32WBxx_HAL_Driver/Src/stm32wbxx_hal_exti.o
LOAD ./Drivers/STM32WBxx_HAL_Driver/Src/stm32wbxx_hal_flash.o
LOAD ./Drivers/STM32WBxx_HAL_Driver/Src/stm32wbxx_hal_flash_ex.o
LOAD ./Drivers/STM32WBxx_HAL_Driver/Src/stm32wbxx_hal_gpio.o
LOAD ./Drivers/STM32WBxx_HAL_Driver/Src/stm32wbxx_hal_hsem.o
LOAD ./Drivers/STM32WBxx_HAL_Driver/Src/stm32wbxx_hal_pwr.o
LOAD ./Drivers/STM32WBxx_HAL_Driver/Src/stm32wbxx_hal_pwr_ex.o
LOAD ./Drivers/STM32WBxx_HAL_Driver/Src/stm32wbxx_hal_rcc.o
LOAD ./Drivers/STM32WBxx_HAL_Driver/Src/stm32wbxx_hal_rcc_ex.o
LOAD ./Drivers/STM32WBxx_HAL_Driver/Src/stm32wbxx_hal_spi.o
LOAD ./Drivers/STM32WBxx_HAL_Driver/Src/stm32wbxx_hal_spi_ex.o
LOAD ./Drivers/STM32WBxx_HAL_Driver/Src/stm32wbxx_hal_uart.o
LOAD ./Drivers/STM32WBxx_HAL_Driver/Src/stm32wbxx_hal_uart_ex.o
LOAD ./Drivers/STM32WBxx_HAL_Driver/Src/stm32wbxx_hal_usart.o
LOAD ./Drivers/STM32WBxx_HAL_Driver/Src/stm32wbxx_hal_usart_ex.o
LOAD ./Drivers/STM32WBxx_HAL_Driver/Src/stm32wbxx_ll_rcc.o
LOAD ./Drivers/sx126x_driver/src/lr_fhss_mac.o
LOAD ./Drivers/sx126x_driver/src/sx126x.o
LOAD ./Drivers/sx126x_driver/src/sx126x_bpsk.o
LOAD ./Drivers/sx126x_driver/src/sx126x_driver_version.o
LOAD ./Drivers/sx126x_driver/src/sx126x_lr_fhss.o
START GROUP
LOAD C:/ST/STM32CubeIDE_2.1.1/STM32CubeIDE/plugins/com.st.stm32cube.ide.mcu.externaltools.gnu-tools-for-stm32.14.3.rel1.win32_1.0.100.202602081740/tools/bin/../lib/gcc/arm-none-eabi/14.3.1/../../../../arm-none-eabi/lib/thumb/v7e-m+fp/hard\libc_nano.a
LOAD C:/ST/STM32CubeIDE_2.1.1/STM32CubeIDE/plugins/com.st.stm32cube.ide.mcu.externaltools.gnu-tools-for-stm32.14.3.rel1.win32_1.0.100.202602081740/tools/bin/../lib/gcc/arm-none-eabi/14.3.1/../../../../arm-none-eabi/lib/thumb/v7e-m+fp/hard\libm.a
END GROUP
START GROUP
LOAD C:/ST/STM32CubeIDE_2.1.1/STM32CubeIDE/plugins/com.st.stm32cube.ide.mcu.externaltools.gnu-tools-for-stm32.14.3.rel1.win32_1.0.100.202602081740/tools/bin/../lib/gcc/arm-none-eabi/14.3.1/thumb/v7e-m+fp/hard\libgcc.a
LOAD C:/ST/STM32CubeIDE_2.1.1/STM32CubeIDE/plugins/com.st.stm32cube.ide.mcu.externaltools.gnu-tools-for-stm32.14.3.rel1.win32_1.0.100.202602081740/tools/bin/../lib/gcc/arm-none-eabi/14.3.1/../../../../arm-none-eabi/lib/thumb/v7e-m+fp/hard\libc_nano.a
END GROUP
START GROUP
LOAD C:/ST/STM32CubeIDE_2.1.1/STM32CubeIDE/plugins/com.st.stm32cube.ide.mcu.externaltools.gnu-tools-for-stm32.14.3.rel1.win32_1.0.100.202602081740/tools/bin/../lib/gcc/arm-none-eabi/14.3.1/thumb/v7e-m+fp/hard\libgcc.a
LOAD C:/ST/STM32CubeIDE_2.1.1/STM32CubeIDE/plugins/com.st.stm32cube.ide.mcu.externaltools.gnu-tools-for-stm32.14.3.rel1.win32_1.0.100.202602081740/tools/bin/../lib/gcc/arm-none-eabi/14.3.1/../../../../arm-none-eabi/lib/thumb/v7e-m+fp/hard\libc_nano.a
LOAD C:/ST/STM32CubeIDE_2.1.1/STM32CubeIDE/plugins/com.st.stm32cube.ide.mcu.externaltools.gnu-tools-for-stm32.14.3.rel1.win32_1.0.100.202602081740/tools/bin/../lib/gcc/arm-none-eabi/14.3.1/../../../../arm-none-eabi/lib/thumb/v7e-m+fp/hard\libnosys.a
END GROUP
START GROUP
LOAD C:/ST/STM32CubeIDE_2.1.1/STM32CubeIDE/plugins/com.st.stm32cube.ide.mcu.externaltools.gnu-tools-for-stm32.14.3.rel1.win32_1.0.100.202602081740/tools/bin/../lib/gcc/arm-none-eabi/14.3.1/thumb/v7e-m+fp/hard\libgcc.a
LOAD C:/ST/STM32CubeIDE_2.1.1/STM32CubeIDE/plugins/com.st.stm32cube.ide.mcu.externaltools.gnu-tools-for-stm32.14.3.rel1.win32_1.0.100.202602081740/tools/bin/../lib/gcc/arm-none-eabi/14.3.1/../../../../arm-none-eabi/lib/thumb/v7e-m+fp/hard\libc_nano.a
LOAD C:/ST/STM32CubeIDE_2.1.1/STM32CubeIDE/plugins/com.st.stm32cube.ide.mcu.externaltools.gnu-tools-for-stm32.14.3.rel1.win32_1.0.100.202602081740/tools/bin/../lib/gcc/arm-none-eabi/14.3.1/../../../../arm-none-eabi/lib/thumb/v7e-m+fp/hard\libnosys.a
END GROUP
LOAD C:/ST/STM32CubeIDE_2.1.1/STM32CubeIDE/plugins/com.st.stm32cube.ide.mcu.externaltools.gnu-tools-for-stm32.14.3.rel1.win32_1.0.100.202602081740/tools/bin/../lib/gcc/arm-none-eabi/14.3.1/thumb/v7e-m+fp/hard/crtend.o
LOAD C:/ST/STM32CubeIDE_2.1.1/STM32CubeIDE/plugins/com.st.stm32cube.ide.mcu.externaltools.gnu-tools-for-stm32.14.3.rel1.win32_1.0.100.202602081740/tools/bin/../lib/gcc/arm-none-eabi/14.3.1/thumb/v7e-m+fp/hard/crtn.o
                0x20030000                        _estack = (ORIGIN (RAM) + LENGTH (RAM))
                0x00000200                        _Min_Heap_Size = 0x200
                0x00000400                        _Min_Stack_Size = 0x400

.isr_vector     0x08000000      0x13c
                0x08000000                        . = ALIGN (0x4)
 *(.isr_vector)
 .isr_vector    0x08000000      0x13c ./Core/Startup/startup_stm32wb55rgvx.o
                0x08000000                g_pfnVectors
                0x0800013c                        . = ALIGN (0x4)

.text           0x0800013c     0x4d5c
                0x0800013c                        . = ALIGN (0x4)
 *(.text)
 .text          0x0800013c       0x40 C:/ST/STM32CubeIDE_2.1.1/STM32CubeIDE/plugins/com.st.stm32cube.ide.mcu.externaltools.gnu-tools-for-stm32.14.3.rel1.win32_1.0.100.202602081740/tools/bin/../lib/gcc/arm-none-eabi/14.3.1/thumb/v7e-m+fp/hard/crtbegin.o
 .text          0x0800017c       0x30 C:/ST/STM32CubeIDE_2.1.1/STM32CubeIDE/plugins/com.st.stm32cube.ide.mcu.externaltools.gnu-tools-for-stm32.14.3.rel1.win32_1.0.100.202602081740/tools/bin/../lib/gcc/arm-none-eabi/14.3.1/thumb/v7e-m+fp/hard\libgcc.a(_aeabi_uldivmod.o)
                0x0800017c                __aeabi_uldivmod
 .text          0x080001ac      0x2f8 C:/ST/STM32CubeIDE_2.1.1/STM32CubeIDE/plugins/com.st.stm32cube.ide.mcu.externaltools.gnu-tools-for-stm32.14.3.rel1.win32_1.0.100.202602081740/tools/bin/../lib/gcc/arm-none-eabi/14.3.1/thumb/v7e-m+fp/hard\libgcc.a(_udivmoddi4.o)
                0x080001ac                __udivmoddi4
 .text          0x080004a4        0x4 C:/ST/STM32CubeIDE_2.1.1/STM32CubeIDE/plugins/com.st.stm32cube.ide.mcu.externaltools.gnu-tools-for-stm32.14.3.rel1.win32_1.0.100.202602081740/tools/bin/../lib/gcc/arm-none-eabi/14.3.1/thumb/v7e-m+fp/hard\libgcc.a(_dvmd_tls.o)
                0x080004a4                __aeabi_idiv0
                0x080004a4                __aeabi_ldiv0
 *(.text*)
 .text.setup_22dBm_Tx
                0x080004a8      0x100 ./Core/Src/board_sx126x_calls.o
                0x080004a8                setup_22dBm_Tx
 .text.rfswitch_Tx
                0x080005a8       0x44 ./Core/Src/board_sx126x_calls.o
                0x080005a8                rfswitch_Tx
 .text.sx126x_wait_on_busy
                0x080005ec       0x3a ./Core/Src/board_sx126x_hal.o
                0x080005ec                sx126x_wait_on_busy
 *fill*         0x08000626        0x2 
 .text.sx126x_hal_write
                0x08000628       0x8c ./Core/Src/board_sx126x_hal.o
                0x08000628                sx126x_hal_write
 .text.sx126x_hal_read
                0x080006b4      0x110 ./Core/Src/board_sx126x_hal.o
                0x080006b4                sx126x_hal_read
 .text.sx126x_hal_reset
                0x080007c4       0x3e ./Core/Src/board_sx126x_hal.o
                0x080007c4                sx126x_hal_reset
 .text.LL_AHB2_GRP1_EnableClock
                0x08000802       0x32 ./Core/Src/main.o
 .text.main     0x08000834       0x9c ./Core/Src/main.o
                0x08000834                main
 .text.SystemClock_Config
                0x080008d0       0xb8 ./Core/Src/main.o
                0x080008d0                SystemClock_Config
 .text.PeriphCommonClock_Config
                0x08000988       0x3a ./Core/Src/main.o
                0x08000988                PeriphCommonClock_Config
 *fill*         0x080009c2        0x2 
 .text.MX_SPI1_Init
                0x080009c4       0x7c ./Core/Src/main.o
 .text.MX_GPIO_Init
                0x08000a40       0xe4 ./Core/Src/main.o
 .text.Error_Handler
                0x08000b24        0xc ./Core/Src/main.o
                0x08000b24                Error_Handler
 .text.LL_AHB2_GRP1_EnableClock
                0x08000b30       0x32 ./Core/Src/stm32wbxx_hal_msp.o
 .text.LL_APB2_GRP1_EnableClock
                0x08000b62       0x32 ./Core/Src/stm32wbxx_hal_msp.o
 .text.HAL_MspInit
                0x08000b94        0xe ./Core/Src/stm32wbxx_hal_msp.o
                0x08000b94                HAL_MspInit
 *fill*         0x08000ba2        0x2 
 .text.HAL_SPI_MspInit
                0x08000ba4       0x60 ./Core/Src/stm32wbxx_hal_msp.o
                0x08000ba4                HAL_SPI_MspInit
 .text.NMI_Handler
                0x08000c04        0x8 ./Core/Src/stm32wbxx_it.o
                0x08000c04                NMI_Handler
 .text.HardFault_Handler
                0x08000c0c        0x8 ./Core/Src/stm32wbxx_it.o
                0x08000c0c                HardFault_Handler
 .text.MemManage_Handler
                0x08000c14        0x8 ./Core/Src/stm32wbxx_it.o
                0x08000c14                MemManage_Handler
 .text.BusFault_Handler
                0x08000c1c        0x8 ./Core/Src/stm32wbxx_it.o
                0x08000c1c                BusFault_Handler
 .text.UsageFault_Handler
                0x08000c24        0x8 ./Core/Src/stm32wbxx_it.o
                0x08000c24                UsageFault_Handler
 .text.SVC_Handler
                0x08000c2c        0xe ./Core/Src/stm32wbxx_it.o
                0x08000c2c                SVC_Handler
 .text.DebugMon_Handler
                0x08000c3a        0xe ./Core/Src/stm32wbxx_it.o
                0x08000c3a                DebugMon_Handler
 .text.PendSV_Handler
                0x08000c48        0xe ./Core/Src/stm32wbxx_it.o
                0x08000c48                PendSV_Handler
 .text.SysTick_Handler
                0x08000c56        0xc ./Core/Src/stm32wbxx_it.o
                0x08000c56                SysTick_Handler
 .text.EXTI0_IRQHandler
                0x08000c62        0xe ./Core/Src/stm32wbxx_it.o
                0x08000c62                EXTI0_IRQHandler
 .text.EXTI1_IRQHandler
                0x08000c70        0xe ./Core/Src/stm32wbxx_it.o
                0x08000c70                EXTI1_IRQHandler
 .text.EXTI4_IRQHandler
                0x08000c7e        0xe ./Core/Src/stm32wbxx_it.o
                0x08000c7e                EXTI4_IRQHandler
 .text.SystemInit
                0x08000c8c       0xa4 ./Core/Src/system_stm32wbxx.o
                0x08000c8c                SystemInit
 .text.data_initializers
                0x08000d30       0x18 ./Core/Startup/startup_stm32wb55rgvx.o
 .text.Reset_Handler
                0x08000d48       0x58 ./Core/Startup/startup_stm32wb55rgvx.o
                0x08000d48                Reset_Handler
 .text.Default_Handler
                0x08000da0        0x2 ./Core/Startup/startup_stm32wb55rgvx.o
                0x08000da0                RTC_Alarm_IRQHandler
                0x08000da0                EXTI2_IRQHandler
                0x08000da0                TIM1_CC_IRQHandler
                0x08000da0                TSC_IRQHandler
                0x08000da0                USB_HP_IRQHandler
                0x08000da0                EXTI3_IRQHandler
                0x08000da0                LPTIM2_IRQHandler
                0x08000da0                I2C3_ER_IRQHandler
                0x08000da0                FPU_IRQHandler
                0x08000da0                TIM1_UP_TIM16_IRQHandler
                0x08000da0                AES1_IRQHandler
                0x08000da0                SPI1_IRQHandler
                0x08000da0                PWR_SOTF_BLEACT_802ACT_RFPHASE_IRQHandler
                0x08000da0                DMA2_Channel2_IRQHandler
                0x08000da0                DMA1_Channel4_IRQHandler
                0x08000da0                ADC1_IRQHandler
                0x08000da0                PKA_IRQHandler
                0x08000da0                DMA1_Channel7_IRQHandler
                0x08000da0                LCD_IRQHandler
                0x08000da0                IPCC_C1_TX_IRQHandler
                0x08000da0                DMA2_Channel1_IRQHandler
                0x08000da0                QUADSPI_IRQHandler
                0x08000da0                I2C1_EV_IRQHandler
                0x08000da0                DMAMUX1_OVR_IRQHandler
                0x08000da0                DMA1_Channel6_IRQHandler
                0x08000da0                DMA2_Channel4_IRQHandler
                0x08000da0                RCC_IRQHandler
                0x08000da0                DMA1_Channel1_IRQHandler
                0x08000da0                Default_Handler
                0x08000da0                DMA2_Channel7_IRQHandler
                0x08000da0                EXTI15_10_IRQHandler
                0x08000da0                IPCC_C1_RX_IRQHandler
                0x08000da0                C2SEV_PWR_C2H_IRQHandler
                0x08000da0                AES2_IRQHandler
                0x08000da0                I2C3_EV_IRQHandler
                0x08000da0                EXTI9_5_IRQHandler
                0x08000da0                RTC_WKUP_IRQHandler
                0x08000da0                PVD_PVM_IRQHandler
                0x08000da0                SPI2_IRQHandler
                0x08000da0                DMA2_Channel5_IRQHandler
                0x08000da0                CRS_IRQHandler
                0x08000da0                DMA1_Channel5_IRQHandler
                0x08000da0                USB_LP_IRQHandler
                0x08000da0                RNG_IRQHandler
                0x08000da0                TIM1_TRG_COM_TIM17_IRQHandler
                0x08000da0                TAMP_STAMP_LSECSS_IRQHandler
                0x08000da0                DMA1_Channel3_IRQHandler
                0x08000da0                COMP_IRQHandler
                0x08000da0                HSEM_IRQHandler
                0x08000da0                WWDG_IRQHandler
                0x08000da0                LPUART1_IRQHandler
                0x08000da0                DMA2_Channel6_IRQHandler
                0x08000da0                TIM2_IRQHandler
                0x08000da0                TIM1_BRK_IRQHandler
                0x08000da0                DMA1_Channel2_IRQHandler
                0x08000da0                FLASH_IRQHandler
                0x08000da0                USART1_IRQHandler
                0x08000da0                I2C1_ER_IRQHandler
                0x08000da0                LPTIM1_IRQHandler
                0x08000da0                SAI1_IRQHandler
                0x08000da0                DMA2_Channel3_IRQHandler
 .text.LL_AHB2_GRP1_EnableClock
                0x08000da2       0x32 ./Drivers/BSP/P-NUCLEO-WB55.Nucleo/stm32wbxx_nucleo.o
 .text.LL_APB2_GRP1_EnableClock
                0x08000dd4       0x32 ./Drivers/BSP/P-NUCLEO-WB55.Nucleo/stm32wbxx_nucleo.o
 *fill*         0x08000e06        0x2 
 .text.BSP_LED_Init
                0x08000e08       0x74 ./Drivers/BSP/P-NUCLEO-WB55.Nucleo/stm32wbxx_nucleo.o
                0x08000e08                BSP_LED_Init
 .text.BSP_LED_Toggle
                0x08000e7c       0x34 ./Drivers/BSP/P-NUCLEO-WB55.Nucleo/stm32wbxx_nucleo.o
                0x08000e7c                BSP_LED_Toggle
 .text.BSP_PB_Init
                0x08000eb0       0xe0 ./Drivers/BSP/P-NUCLEO-WB55.Nucleo/stm32wbxx_nucleo.o
                0x08000eb0                BSP_PB_Init
 .text.BSP_COM_Init
                0x08000f90       0x60 ./Drivers/BSP/P-NUCLEO-WB55.Nucleo/stm32wbxx_nucleo.o
                0x08000f90                BSP_COM_Init
 .text.MX_LPUART1_Init
                0x08000ff0       0x64 ./Drivers/BSP/P-NUCLEO-WB55.Nucleo/stm32wbxx_nucleo.o
                0x08000ff0                MX_LPUART1_Init
 .text.COM1_MspInit
                0x08001054       0x60 ./Drivers/BSP/P-NUCLEO-WB55.Nucleo/stm32wbxx_nucleo.o
 .text.HAL_Init
                0x080010b4       0x40 ./Drivers/STM32WBxx_HAL_Driver/Src/stm32wbxx_hal.o
                0x080010b4                HAL_Init
 .text.HAL_InitTick
                0x080010f4       0x74 ./Drivers/STM32WBxx_HAL_Driver/Src/stm32wbxx_hal.o
                0x080010f4                HAL_InitTick
 .text.HAL_IncTick
                0x08001168       0x28 ./Drivers/STM32WBxx_HAL_Driver/Src/stm32wbxx_hal.o
                0x08001168                HAL_IncTick
 .text.HAL_GetTick
                0x08001190       0x18 ./Drivers/STM32WBxx_HAL_Driver/Src/stm32wbxx_hal.o
                0x08001190                HAL_GetTick
 .text.HAL_GetTickPrio
                0x080011a8       0x18 ./Drivers/STM32WBxx_HAL_Driver/Src/stm32wbxx_hal.o
                0x080011a8                HAL_GetTickPrio
 .text.HAL_Delay
                0x080011c0       0x48 ./Drivers/STM32WBxx_HAL_Driver/Src/stm32wbxx_hal.o
                0x080011c0                HAL_Delay
 .text.__NVIC_SetPriorityGrouping
                0x08001208       0x48 ./Drivers/STM32WBxx_HAL_Driver/Src/stm32wbxx_hal_cortex.o
 .text.__NVIC_GetPriorityGrouping
                0x08001250       0x1c ./Drivers/STM32WBxx_HAL_Driver/Src/stm32wbxx_hal_cortex.o
 .text.__NVIC_EnableIRQ
                0x0800126c       0x3c ./Drivers/STM32WBxx_HAL_Driver/Src/stm32wbxx_hal_cortex.o
 .text.__NVIC_SetPriority
                0x080012a8       0x54 ./Drivers/STM32WBxx_HAL_Driver/Src/stm32wbxx_hal_cortex.o
 .text.NVIC_EncodePriority
                0x080012fc       0x66 ./Drivers/STM32WBxx_HAL_Driver/Src/stm32wbxx_hal_cortex.o
 *fill*         0x08001362        0x2 
 .text.SysTick_Config
                0x08001364       0x44 ./Drivers/STM32WBxx_HAL_Driver/Src/stm32wbxx_hal_cortex.o
 .text.HAL_NVIC_SetPriorityGrouping
                0x080013a8       0x16 ./Drivers/STM32WBxx_HAL_Driver/Src/stm32wbxx_hal_cortex.o
                0x080013a8                HAL_NVIC_SetPriorityGrouping
 .text.HAL_NVIC_SetPriority
                0x080013be       0x34 ./Drivers/STM32WBxx_HAL_Driver/Src/stm32wbxx_hal_cortex.o
                0x080013be                HAL_NVIC_SetPriority
 .text.HAL_NVIC_EnableIRQ
                0x080013f2       0x1c ./Drivers/STM32WBxx_HAL_Driver/Src/stm32wbxx_hal_cortex.o
                0x080013f2                HAL_NVIC_EnableIRQ
 .text.HAL_SYSTICK_Config
                0x0800140e       0x18 ./Drivers/STM32WBxx_HAL_Driver/Src/stm32wbxx_hal_cortex.o
                0x0800140e                HAL_SYSTICK_Config
 *fill*         0x08001426        0x2 
 .text.HAL_GPIO_Init
                0x08001428      0x2e0 ./Drivers/STM32WBxx_HAL_Driver/Src/stm32wbxx_hal_gpio.o
                0x08001428                HAL_GPIO_Init
 .text.HAL_GPIO_ReadPin
                0x08001708       0x30 ./Drivers/STM32WBxx_HAL_Driver/Src/stm32wbxx_hal_gpio.o
                0x08001708                HAL_GPIO_ReadPin
 .text.HAL_GPIO_WritePin
                0x08001738       0x30 ./Drivers/STM32WBxx_HAL_Driver/Src/stm32wbxx_hal_gpio.o
                0x08001738                HAL_GPIO_WritePin
 .text.HAL_GPIO_TogglePin
                0x08001768       0x34 ./Drivers/STM32WBxx_HAL_Driver/Src/stm32wbxx_hal_gpio.o
                0x08001768                HAL_GPIO_TogglePin
 .text.HAL_GPIO_EXTI_IRQHandler
                0x0800179c       0x30 ./Drivers/STM32WBxx_HAL_Driver/Src/stm32wbxx_hal_gpio.o
                0x0800179c                HAL_GPIO_EXTI_IRQHandler
 .text.HAL_GPIO_EXTI_Callback
                0x080017cc       0x16 ./Drivers/STM32WBxx_HAL_Driver/Src/stm32wbxx_hal_gpio.o
                0x080017cc                HAL_GPIO_EXTI_Callback
 *fill*         0x080017e2        0x2 
 .text.HAL_PWR_EnableBkUpAccess
                0x080017e4       0x20 ./Drivers/STM32WBxx_HAL_Driver/Src/stm32wbxx_hal_pwr.o
                0x080017e4                HAL_PWR_EnableBkUpAccess
 .text.HAL_PWREx_GetVoltageRange
                0x08001804       0x1c ./Drivers/STM32WBxx_HAL_Driver/Src/stm32wbxx_hal_pwr_ex.o
                0x08001804                HAL_PWREx_GetVoltageRange
 .text.LL_RCC_HSE_IsEnabledDiv2
                0x08001820       0x24 ./Drivers/STM32WBxx_HAL_Driver/Src/stm32wbxx_hal_rcc.o
 .text.LL_RCC_HSE_Enable
                0x08001844       0x1e ./Drivers/STM32WBxx_HAL_Driver/Src/stm32wbxx_hal_rcc.o
 .text.LL_RCC_HSE_Disable
                0x08001862       0x1e ./Drivers/STM32WBxx_HAL_Driver/Src/stm32wbxx_hal_rcc.o
 .text.LL_RCC_HSE_IsReady
                0x08001880       0x24 ./Drivers/STM32WBxx_HAL_Driver/Src/stm32wbxx_hal_rcc.o
 .text.LL_RCC_HSI_Enable
                0x080018a4       0x1e ./Drivers/STM32WBxx_HAL_Driver/Src/stm32wbxx_hal_rcc.o
 .text.LL_RCC_HSI_Disable
                0x080018c2       0x1e ./Drivers/STM32WBxx_HAL_Driver/Src/stm32wbxx_hal_rcc.o
 .text.LL_RCC_HSI_IsReady
                0x080018e0       0x24 ./Drivers/STM32WBxx_HAL_Driver/Src/stm32wbxx_hal_rcc.o
 .text.LL_RCC_HSI_SetCalibTrimming
                0x08001904       0x2a ./Drivers/STM32WBxx_HAL_Driver/Src/stm32wbxx_hal_rcc.o
 .text.LL_RCC_HSI48_Enable
                0x0800192e       0x22 ./Drivers/STM32WBxx_HAL_Driver/Src/stm32wbxx_hal_rcc.o
 .text.LL_RCC_HSI48_Disable
                0x08001950       0x22 ./Drivers/STM32WBxx_HAL_Driver/Src/stm32wbxx_hal_rcc.o
 .text.LL_RCC_HSI48_IsReady
                0x08001972       0x24 ./Drivers/STM32WBxx_HAL_Driver/Src/stm32wbxx_hal_rcc.o
 .text.LL_RCC_LSE_Enable
                0x08001996       0x22 ./Drivers/STM32WBxx_HAL_Driver/Src/stm32wbxx_hal_rcc.o
 .text.LL_RCC_LSE_Disable
                0x080019b8       0x22 ./Drivers/STM32WBxx_HAL_Driver/Src/stm32wbxx_hal_rcc.o
 .text.LL_RCC_LSE_EnableBypass
                0x080019da       0x22 ./Drivers/STM32WBxx_HAL_Driver/Src/stm32wbxx_hal_rcc.o
 .text.LL_RCC_LSE_DisableBypass
                0x080019fc       0x22 ./Drivers/STM32WBxx_HAL_Driver/Src/stm32wbxx_hal_rcc.o
 .text.LL_RCC_LSE_IsReady
                0x08001a1e       0x24 ./Drivers/STM32WBxx_HAL_Driver/Src/stm32wbxx_hal_rcc.o
 .text.LL_RCC_LSI1_Enable
                0x08001a42       0x22 ./Drivers/STM32WBxx_HAL_Driver/Src/stm32wbxx_hal_rcc.o
 .text.LL_RCC_LSI1_Disable
                0x08001a64       0x22 ./Drivers/STM32WBxx_HAL_Driver/Src/stm32wbxx_hal_rcc.o
 .text.LL_RCC_LSI1_IsReady
                0x08001a86       0x24 ./Drivers/STM32WBxx_HAL_Driver/Src/stm32wbxx_hal_rcc.o
 .text.LL_RCC_LSI2_Enable
                0x08001aaa       0x22 ./Drivers/STM32WBxx_HAL_Driver/Src/stm32wbxx_hal_rcc.o
 .text.LL_RCC_LSI2_Disable
                0x08001acc       0x22 ./Drivers/STM32WBxx_HAL_Driver/Src/stm32wbxx_hal_rcc.o
 .text.LL_RCC_LSI2_IsReady
                0x08001aee       0x24 ./Drivers/STM32WBxx_HAL_Driver/Src/stm32wbxx_hal_rcc.o
 .text.LL_RCC_LSI2_SetTrimming
                0x08001b12       0x2e ./Drivers/STM32WBxx_HAL_Driver/Src/stm32wbxx_hal_rcc.o
 .text.LL_RCC_MSI_Enable
                0x08001b40       0x1e ./Drivers/STM32WBxx_HAL_Driver/Src/stm32wbxx_hal_rcc.o
 .text.LL_RCC_MSI_Disable
                0x08001b5e       0x1e ./Drivers/STM32WBxx_HAL_Driver/Src/stm32wbxx_hal_rcc.o
 .text.LL_RCC_MSI_IsReady
                0x08001b7c       0x22 ./Drivers/STM32WBxx_HAL_Driver/Src/stm32wbxx_hal_rcc.o
 .text.LL_RCC_MSI_SetRange
                0x08001b9e       0x28 ./Drivers/STM32WBxx_HAL_Driver/Src/stm32wbxx_hal_rcc.o
 .text.LL_RCC_MSI_GetRange
                0x08001bc6       0x2a ./Drivers/STM32WBxx_HAL_Driver/Src/stm32wbxx_hal_rcc.o
 .text.LL_RCC_MSI_SetCalibTrimming
                0x08001bf0       0x2a ./Drivers/STM32WBxx_HAL_Driver/Src/stm32wbxx_hal_rcc.o
 .text.LL_RCC_SetSysClkSource
                0x08001c1a       0x28 ./Drivers/STM32WBxx_HAL_Driver/Src/stm32wbxx_hal_rcc.o
 .text.LL_RCC_GetSysClkSource
                0x08001c42       0x18 ./Drivers/STM32WBxx_HAL_Driver/Src/stm32wbxx_hal_rcc.o
 .text.LL_RCC_SetAHBPrescaler
                0x08001c5a       0x28 ./Drivers/STM32WBxx_HAL_Driver/Src/stm32wbxx_hal_rcc.o
 .text.LL_C2_RCC_SetAHBPrescaler
                0x08001c82       0x2c ./Drivers/STM32WBxx_HAL_Driver/Src/stm32wbxx_hal_rcc.o
 .text.LL_RCC_SetAHB4Prescaler
                0x08001cae       0x2e ./Drivers/STM32WBxx_HAL_Driver/Src/stm32wbxx_hal_rcc.o
 .text.LL_RCC_SetAPB1Prescaler
                0x08001cdc       0x28 ./Drivers/STM32WBxx_HAL_Driver/Src/stm32wbxx_hal_rcc.o
 .text.LL_RCC_SetAPB2Prescaler
                0x08001d04       0x28 ./Drivers/STM32WBxx_HAL_Driver/Src/stm32wbxx_hal_rcc.o
 .text.LL_RCC_GetAHBPrescaler
                0x08001d2c       0x18 ./Drivers/STM32WBxx_HAL_Driver/Src/stm32wbxx_hal_rcc.o
 .text.LL_RCC_GetAHB4Prescaler
                0x08001d44       0x1c ./Drivers/STM32WBxx_HAL_Driver/Src/stm32wbxx_hal_rcc.o
 .text.LL_RCC_GetAPB1Prescaler
                0x08001d60       0x18 ./Drivers/STM32WBxx_HAL_Driver/Src/stm32wbxx_hal_rcc.o
 .text.LL_RCC_GetAPB2Prescaler
                0x08001d78       0x18 ./Drivers/STM32WBxx_HAL_Driver/Src/stm32wbxx_hal_rcc.o
 .text.LL_RCC_PLL_Enable
                0x08001d90       0x1e ./Drivers/STM32WBxx_HAL_Driver/Src/stm32wbxx_hal_rcc.o
 .text.LL_RCC_PLL_Disable
                0x08001dae       0x1e ./Drivers/STM32WBxx_HAL_Driver/Src/stm32wbxx_hal_rcc.o
 .text.LL_RCC_PLL_IsReady
                0x08001dcc       0x24 ./Drivers/STM32WBxx_HAL_Driver/Src/stm32wbxx_hal_rcc.o
 .text.LL_RCC_PLL_GetN
                0x08001df0       0x1a ./Drivers/STM32WBxx_HAL_Driver/Src/stm32wbxx_hal_rcc.o
 .text.LL_RCC_PLL_GetR
                0x08001e0a       0x18 ./Drivers/STM32WBxx_HAL_Driver/Src/stm32wbxx_hal_rcc.o
 .text.LL_RCC_PLL_GetDivider
                0x08001e22       0x18 ./Drivers/STM32WBxx_HAL_Driver/Src/stm32wbxx_hal_rcc.o
 .text.LL_RCC_PLL_GetMainSource
                0x08001e3a       0x18 ./Drivers/STM32WBxx_HAL_Driver/Src/stm32wbxx_hal_rcc.o
 .text.LL_RCC_IsActiveFlag_HPRE
                0x08001e52       0x24 ./Drivers/STM32WBxx_HAL_Driver/Src/stm32wbxx_hal_rcc.o
 .text.LL_RCC_IsActiveFlag_C2HPRE
                0x08001e76       0x26 ./Drivers/STM32WBxx_HAL_Driver/Src/stm32wbxx_hal_rcc.o
 .text.LL_RCC_IsActiveFlag_SHDHPRE
                0x08001e9c       0x26 ./Drivers/STM32WBxx_HAL_Driver/Src/stm32wbxx_hal_rcc.o
 .text.LL_RCC_IsActiveFlag_PPRE1
                0x08001ec2       0x24 ./Drivers/STM32WBxx_HAL_Driver/Src/stm32wbxx_hal_rcc.o
 .text.LL_RCC_IsActiveFlag_PPRE2
                0x08001ee6       0x24 ./Drivers/STM32WBxx_HAL_Driver/Src/stm32wbxx_hal_rcc.o
 *fill*         0x08001f0a        0x2 
 .text.HAL_RCC_OscConfig
                0x08001f0c      0x6e8 ./Drivers/STM32WBxx_HAL_Driver/Src/stm32wbxx_hal_rcc.o
                0x08001f0c                HAL_RCC_OscConfig
 .text.HAL_RCC_ClockConfig
                0x080025f4      0x280 ./Drivers/STM32WBxx_HAL_Driver/Src/stm32wbxx_hal_rcc.o
                0x080025f4                HAL_RCC_ClockConfig
 .text.HAL_RCC_GetSysClockFreq
                0x08002874       0xd8 ./Drivers/STM32WBxx_HAL_Driver/Src/stm32wbxx_hal_rcc.o
                0x08002874                HAL_RCC_GetSysClockFreq
 .text.HAL_RCC_GetHCLKFreq
                0x0800294c       0x28 ./Drivers/STM32WBxx_HAL_Driver/Src/stm32wbxx_hal_rcc.o
                0x0800294c                HAL_RCC_GetHCLKFreq
 .text.HAL_RCC_GetPCLK1Freq
                0x08002974       0x2c ./Drivers/STM32WBxx_HAL_Driver/Src/stm32wbxx_hal_rcc.o
                0x08002974                HAL_RCC_GetPCLK1Freq
 .text.HAL_RCC_GetPCLK2Freq
                0x080029a0       0x2c ./Drivers/STM32WBxx_HAL_Driver/Src/stm32wbxx_hal_rcc.o
                0x080029a0                HAL_RCC_GetPCLK2Freq
 .text.RCC_SetFlashLatencyFromMSIRange
                0x080029cc       0x70 ./Drivers/STM32WBxx_HAL_Driver/Src/stm32wbxx_hal_rcc.o
 .text.RCC_SetFlashLatency
                0x08002a3c       0xf8 ./Drivers/STM32WBxx_HAL_Driver/Src/stm32wbxx_hal_rcc.o
 .text.LL_RCC_LSE_IsEnabled
                0x08002b34       0x24 ./Drivers/STM32WBxx_HAL_Driver/Src/stm32wbxx_hal_rcc_ex.o
 .text.LL_RCC_LSE_IsReady
                0x08002b58       0x24 ./Drivers/STM32WBxx_HAL_Driver/Src/stm32wbxx_hal_rcc_ex.o
 .text.LL_RCC_SetRFWKPClockSource
                0x08002b7c       0x2c ./Drivers/STM32WBxx_HAL_Driver/Src/stm32wbxx_hal_rcc_ex.o
 .text.LL_RCC_SetSMPSClockSource
                0x08002ba8       0x28 ./Drivers/STM32WBxx_HAL_Driver/Src/stm32wbxx_hal_rcc_ex.o
 .text.LL_RCC_SetSMPSPrescaler
                0x08002bd0       0x28 ./Drivers/STM32WBxx_HAL_Driver/Src/stm32wbxx_hal_rcc_ex.o
 .text.LL_RCC_SetUSARTClockSource
                0x08002bf8       0x2c ./Drivers/STM32WBxx_HAL_Driver/Src/stm32wbxx_hal_rcc_ex.o
 .text.LL_RCC_SetLPUARTClockSource
                0x08002c24       0x2c ./Drivers/STM32WBxx_HAL_Driver/Src/stm32wbxx_hal_rcc_ex.o
 .text.LL_RCC_SetI2CClockSource
                0x08002c50       0x3a ./Drivers/STM32WBxx_HAL_Driver/Src/stm32wbxx_hal_rcc_ex.o
 .text.LL_RCC_SetLPTIMClockSource
                0x08002c8a       0x34 ./Drivers/STM32WBxx_HAL_Driver/Src/stm32wbxx_hal_rcc_ex.o
 .text.LL_RCC_SetSAIClockSource
                0x08002cbe       0x2c ./Drivers/STM32WBxx_HAL_Driver/Src/stm32wbxx_hal_rcc_ex.o
 .text.LL_RCC_SetRNGClockSource
                0x08002cea       0x2c ./Drivers/STM32WBxx_HAL_Driver/Src/stm32wbxx_hal_rcc_ex.o
 .text.LL_RCC_SetCLK48ClockSource
                0x08002d16       0x2c ./Drivers/STM32WBxx_HAL_Driver/Src/stm32wbxx_hal_rcc_ex.o
 .text.LL_RCC_SetUSBClockSource
                0x08002d42       0x16 ./Drivers/STM32WBxx_HAL_Driver/Src/stm32wbxx_hal_rcc_ex.o
 .text.LL_RCC_SetADCClockSource
                0x08002d58       0x2c ./Drivers/STM32WBxx_HAL_Driver/Src/stm32wbxx_hal_rcc_ex.o
 .text.LL_RCC_SetRTCClockSource
                0x08002d84       0x2c ./Drivers/STM32WBxx_HAL_Driver/Src/stm32wbxx_hal_rcc_ex.o
 .text.LL_RCC_GetRTCClockSource
                0x08002db0       0x1a ./Drivers/STM32WBxx_HAL_Driver/Src/stm32wbxx_hal_rcc_ex.o
 .text.LL_RCC_ForceBackupDomainReset
                0x08002dca       0x22 ./Drivers/STM32WBxx_HAL_Driver/Src/stm32wbxx_hal_rcc_ex.o
 .text.LL_RCC_ReleaseBackupDomainReset
                0x08002dec       0x22 ./Drivers/STM32WBxx_HAL_Driver/Src/stm32wbxx_hal_rcc_ex.o
 .text.LL_RCC_PLLSAI1_Enable
                0x08002e0e       0x1e ./Drivers/STM32WBxx_HAL_Driver/Src/stm32wbxx_hal_rcc_ex.o
 .text.LL_RCC_PLLSAI1_Disable
                0x08002e2c       0x1e ./Drivers/STM32WBxx_HAL_Driver/Src/stm32wbxx_hal_rcc_ex.o
 .text.LL_RCC_PLLSAI1_IsReady
                0x08002e4a       0x24 ./Drivers/STM32WBxx_HAL_Driver/Src/stm32wbxx_hal_rcc_ex.o
 .text.HAL_RCCEx_PeriphCLKConfig
                0x08002e6e      0x2ec ./Drivers/STM32WBxx_HAL_Driver/Src/stm32wbxx_hal_rcc_ex.o
                0x08002e6e                HAL_RCCEx_PeriphCLKConfig
 .text.RCCEx_PLLSAI1_ConfigNP
                0x0800315a       0xb6 ./Drivers/STM32WBxx_HAL_Driver/Src/stm32wbxx_hal_rcc_ex.o
 .text.RCCEx_PLLSAI1_ConfigNQ
                0x08003210       0xb6 ./Drivers/STM32WBxx_HAL_Driver/Src/stm32wbxx_hal_rcc_ex.o
 .text.RCCEx_PLLSAI1_ConfigNR
                0x080032c6       0xb6 ./Drivers/STM32WBxx_HAL_Driver/Src/stm32wbxx_hal_rcc_ex.o
 .text.HAL_SPI_Init
                0x0800337c      0x146 ./Drivers/STM32WBxx_HAL_Driver/Src/stm32wbxx_hal_spi.o
                0x0800337c                HAL_SPI_Init
 .text.HAL_SPI_Transmit
                0x080034c2      0x2ec ./Drivers/STM32WBxx_HAL_Driver/Src/stm32wbxx_hal_spi.o
                0x080034c2                HAL_SPI_Transmit
 .text.HAL_SPI_TransmitReceive
                0x080037ae      0x43e ./Drivers/STM32WBxx_HAL_Driver/Src/stm32wbxx_hal_spi.o
                0x080037ae                HAL_SPI_TransmitReceive
 .text.SPI_WaitFlagStateUntilTimeout
                0x08003bec      0x110 ./Drivers/STM32WBxx_HAL_Driver/Src/stm32wbxx_hal_spi.o
 .text.SPI_WaitFifoStateUntilTimeout
                0x08003cfc      0x12c ./Drivers/STM32WBxx_HAL_Driver/Src/stm32wbxx_hal_spi.o
 .text.SPI_EndRxTxTransaction
                0x08003e28       0x8c ./Drivers/STM32WBxx_HAL_Driver/Src/stm32wbxx_hal_spi.o
 .text.LL_RCC_GetUSARTClockSource
                0x08003eb4       0x20 ./Drivers/STM32WBxx_HAL_Driver/Src/stm32wbxx_hal_uart.o
 .text.LL_RCC_GetLPUARTClockSource
                0x08003ed4       0x20 ./Drivers/STM32WBxx_HAL_Driver/Src/stm32wbxx_hal_uart.o
 .text.HAL_UART_Init
                0x08003ef4       0xa0 ./Drivers/STM32WBxx_HAL_Driver/Src/stm32wbxx_hal_uart.o
                0x08003ef4                HAL_UART_Init
 .text.HAL_UART_MspInit
                0x08003f94       0x14 ./Drivers/STM32WBxx_HAL_Driver/Src/stm32wbxx_hal_uart.o
                0x08003f94                HAL_UART_MspInit
 .text.UART_SetConfig
                0x08003fa8      0x450 ./Drivers/STM32WBxx_HAL_Driver/Src/stm32wbxx_hal_uart.o
                0x08003fa8                UART_SetConfig
 .text.UART_AdvFeatureConfig
                0x080043f8      0x144 ./Drivers/STM32WBxx_HAL_Driver/Src/stm32wbxx_hal_uart.o
                0x080043f8                UART_AdvFeatureConfig
 .text.UART_CheckIdleState
                0x0800453c      0x154 ./Drivers/STM32WBxx_HAL_Driver/Src/stm32wbxx_hal_uart.o
                0x0800453c                UART_CheckIdleState
 .text.UART_WaitOnFlagUntilTimeout
                0x08004690       0xda ./Drivers/STM32WBxx_HAL_Driver/Src/stm32wbxx_hal_uart.o
                0x08004690                UART_WaitOnFlagUntilTimeout
 .text.UART_EndRxTransfer
                0x0800476a       0xcc ./Drivers/STM32WBxx_HAL_Driver/Src/stm32wbxx_hal_uart.o
 .text.sx126x_set_standby
                0x08004836       0x30 ./Drivers/sx126x_driver/src/sx126x.o
                0x08004836                sx126x_set_standby
 .text.sx126x_set_reg_mode
                0x08004866       0x30 ./Drivers/sx126x_driver/src/sx126x.o
                0x08004866                sx126x_set_reg_mode
 .text.sx126x_cal_img
                0x08004896       0x38 ./Drivers/sx126x_driver/src/sx126x.o
                0x08004896                sx126x_cal_img
 .text.sx126x_set_pa_cfg
                0x080048ce       0x42 ./Drivers/sx126x_driver/src/sx126x.o
                0x080048ce                sx126x_set_pa_cfg
 .text.sx126x_write_register
                0x08004910       0x46 ./Drivers/sx126x_driver/src/sx126x.o
                0x08004910                sx126x_write_register
 .text.sx126x_read_register
                0x08004956       0x4a ./Drivers/sx126x_driver/src/sx126x.o
                0x08004956                sx126x_read_register
 .text.sx126x_write_buffer
                0x080049a0       0x3a ./Drivers/sx126x_driver/src/sx126x.o
                0x080049a0                sx126x_write_buffer
 .text.sx126x_set_dio_irq_params
                0x080049da       0x7a ./Drivers/sx126x_driver/src/sx126x.o
                0x080049da                sx126x_set_dio_irq_params
 .text.sx126x_set_dio3_as_tcxo_ctrl
                0x08004a54       0x48 ./Drivers/sx126x_driver/src/sx126x.o
                0x08004a54                sx126x_set_dio3_as_tcxo_ctrl
 .text.sx126x_set_rf_freq
                0x08004a9c       0x24 ./Drivers/sx126x_driver/src/sx126x.o
                0x08004a9c                sx126x_set_rf_freq
 .text.sx126x_set_rf_freq_in_pll_steps
                0x08004ac0       0x48 ./Drivers/sx126x_driver/src/sx126x.o
                0x08004ac0                sx126x_set_rf_freq_in_pll_steps
 .text.sx126x_set_pkt_type
                0x08004b08       0x30 ./Drivers/sx126x_driver/src/sx126x.o
                0x08004b08                sx126x_set_pkt_type
 .text.sx126x_set_tx_params
                0x08004b38       0x38 ./Drivers/sx126x_driver/src/sx126x.o
                0x08004b38                sx126x_set_tx_params
 .text.sx126x_set_lora_mod_params
                0x08004b70       0x64 ./Drivers/sx126x_driver/src/sx126x.o
                0x08004b70                sx126x_set_lora_mod_params
 .text.sx126x_set_lora_pkt_params
                0x08004bd4       0xc4 ./Drivers/sx126x_driver/src/sx126x.o
                0x08004bd4                sx126x_set_lora_pkt_params
 .text.sx126x_get_status
                0x08004c98       0x56 ./Drivers/sx126x_driver/src/sx126x.o
                0x08004c98                sx126x_get_status
 *fill*         0x08004cee        0x2 
 .text.sx126x_clear_device_errors
                0x08004cf0       0x3c ./Drivers/sx126x_driver/src/sx126x.o
                0x08004cf0                sx126x_clear_device_errors
 .text.sx126x_convert_freq_in_hz_to_pll_step
                0x08004d2c       0x4c ./Drivers/sx126x_driver/src/sx126x.o
                0x08004d2c                sx126x_convert_freq_in_hz_to_pll_step
 .text.sx126x_convert_timeout_in_ms_to_rtc_step
                0x08004d78       0x18 ./Drivers/sx126x_driver/src/sx126x.o
                0x08004d78                sx126x_convert_timeout_in_ms_to_rtc_step
 .text.sx126x_tx_modulation_workaround
                0x08004d90       0x7a ./Drivers/sx126x_driver/src/sx126x.o
                0x08004d90                sx126x_tx_modulation_workaround
 .text.memset   0x08004e0a       0x10 C:/ST/STM32CubeIDE_2.1.1/STM32CubeIDE/plugins/com.st.stm32cube.ide.mcu.externaltools.gnu-tools-for-stm32.14.3.rel1.win32_1.0.100.202602081740/tools/bin/../lib/gcc/arm-none-eabi/14.3.1/../../../../arm-none-eabi/lib/thumb/v7e-m+fp/hard\libc_nano.a(libc_a-memset.o)
                0x08004e0a                memset
 *fill*         0x08004e1a        0x2 
 .text.__libc_init_array
                0x08004e1c       0x48 C:/ST/STM32CubeIDE_2.1.1/STM32CubeIDE/plugins/com.st.stm32cube.ide.mcu.externaltools.gnu-tools-for-stm32.14.3.rel1.win32_1.0.100.202602081740/tools/bin/../lib/gcc/arm-none-eabi/14.3.1/../../../../arm-none-eabi/lib/thumb/v7e-m+fp/hard\libc_nano.a(libc_a-init.o)
                0x08004e1c                __libc_init_array
 .text.memcpy   0x08004e64       0x1c C:/ST/STM32CubeIDE_2.1.1/STM32CubeIDE/plugins/com.st.stm32cube.ide.mcu.externaltools.gnu-tools-for-stm32.14.3.rel1.win32_1.0.100.202602081740/tools/bin/../lib/gcc/arm-none-eabi/14.3.1/../../../../arm-none-eabi/lib/thumb/v7e-m+fp/hard\libc_nano.a(libc_a-memcpy-stub.o)
                0x08004e64                memcpy
 *(.glue_7)
 .glue_7        0x08004e80        0x0 linker stubs
 *(.glue_7t)
 .glue_7t       0x08004e80        0x0 linker stubs
 *(.eh_frame)
 .eh_frame      0x08004e80        0x0 C:/ST/STM32CubeIDE_2.1.1/STM32CubeIDE/plugins/com.st.stm32cube.ide.mcu.externaltools.gnu-tools-for-stm32.14.3.rel1.win32_1.0.100.202602081740/tools/bin/../lib/gcc/arm-none-eabi/14.3.1/thumb/v7e-m+fp/hard/crtbegin.o
 *(.init)
 .init          0x08004e80        0x4 C:/ST/STM32CubeIDE_2.1.1/STM32CubeIDE/plugins/com.st.stm32cube.ide.mcu.externaltools.gnu-tools-for-stm32.14.3.rel1.win32_1.0.100.202602081740/tools/bin/../lib/gcc/arm-none-eabi/14.3.1/thumb/v7e-m+fp/hard/crti.o
                0x08004e80                _init
 .init          0x08004e84        0x8 C:/ST/STM32CubeIDE_2.1.1/STM32CubeIDE/plugins/com.st.stm32cube.ide.mcu.externaltools.gnu-tools-for-stm32.14.3.rel1.win32_1.0.100.202602081740/tools/bin/../lib/gcc/arm-none-eabi/14.3.1/thumb/v7e-m+fp/hard/crtn.o
 *(.fini)
 .fini          0x08004e8c        0x4 C:/ST/STM32CubeIDE_2.1.1/STM32CubeIDE/plugins/com.st.stm32cube.ide.mcu.externaltools.gnu-tools-for-stm32.14.3.rel1.win32_1.0.100.202602081740/tools/bin/../lib/gcc/arm-none-eabi/14.3.1/thumb/v7e-m+fp/hard/crti.o
                0x08004e8c                _fini
 .fini          0x08004e90        0x8 C:/ST/STM32CubeIDE_2.1.1/STM32CubeIDE/plugins/com.st.stm32cube.ide.mcu.externaltools.gnu-tools-for-stm32.14.3.rel1.win32_1.0.100.202602081740/tools/bin/../lib/gcc/arm-none-eabi/14.3.1/thumb/v7e-m+fp/hard/crtn.o
                0x08004e98                        . = ALIGN (0x4)
                0x08004e98                        _etext = .

.vfp11_veneer   0x08004e98        0x0
 .vfp11_veneer  0x08004e98        0x0 linker stubs

.v4_bx          0x08004e98        0x0
 .v4_bx         0x08004e98        0x0 linker stubs

.iplt           0x08004e98        0x0
 .iplt          0x08004e98        0x0 C:/ST/STM32CubeIDE_2.1.1/STM32CubeIDE/plugins/com.st.stm32cube.ide.mcu.externaltools.gnu-tools-for-stm32.14.3.rel1.win32_1.0.100.202602081740/tools/bin/../lib/gcc/arm-none-eabi/14.3.1/thumb/v7e-m+fp/hard/crtbegin.o

.rodata         0x08004e98      0x11c
                0x08004e98                        . = ALIGN (0x4)
 *(.rodata)
 .rodata        0x08004e98       0x15 ./Core/Src/board_sx126x_calls.o
 *fill*         0x08004ead        0x3 
 .rodata        0x08004eb0       0x2c ./Drivers/STM32WBxx_HAL_Driver/Src/stm32wbxx_hal_rcc.o
 .rodata        0x08004edc        0xa ./Drivers/sx126x_driver/src/sx126x.o
 *(.rodata*)
 *fill*         0x08004ee6        0x2 
 .rodata.AHBPrescTable
                0x08004ee8       0x40 ./Core/Src/system_stm32wbxx.o
                0x08004ee8                AHBPrescTable
 .rodata.APBPrescTable
                0x08004f28       0x20 ./Core/Src/system_stm32wbxx.o
                0x08004f28                APBPrescTable
 .rodata.MSIRangeTable
                0x08004f48       0x40 ./Core/Src/system_stm32wbxx.o
                0x08004f48                MSIRangeTable
 .rodata.GPIO_PIN
                0x08004f88        0x6 ./Drivers/BSP/P-NUCLEO-WB55.Nucleo/stm32wbxx_nucleo.o
                0x08004f88                GPIO_PIN
 *fill*         0x08004f8e        0x2 
 .rodata.BUTTON_PIN
                0x08004f90        0x6 ./Drivers/BSP/P-NUCLEO-WB55.Nucleo/stm32wbxx_nucleo.o
                0x08004f90                BUTTON_PIN
 *fill*         0x08004f96        0x2 
 .rodata.BUTTON_IRQn
                0x08004f98        0x3 ./Drivers/BSP/P-NUCLEO-WB55.Nucleo/stm32wbxx_nucleo.o
                0x08004f98                BUTTON_IRQn
 *fill*         0x08004f9b        0x1 
 .rodata.UARTPrescTable
                0x08004f9c       0x18 ./Drivers/STM32WBxx_HAL_Driver/Src/stm32wbxx_hal_uart.o
                0x08004f9c                UARTPrescTable
                0x08004fb4                        . = ALIGN (0x4)

.ARM.extab
 *(.ARM.extab* .gnu.linkonce.armextab.*)

.ARM            0x08004fb4        0x8
                0x08004fb4                        __exidx_start = .
 *(.ARM.exidx*)
 .ARM.exidx     0x08004fb4        0x8 C:/ST/STM32CubeIDE_2.1.1/STM32CubeIDE/plugins/com.st.stm32cube.ide.mcu.externaltools.gnu-tools-for-stm32.14.3.rel1.win32_1.0.100.202602081740/tools/bin/../lib/gcc/arm-none-eabi/14.3.1/thumb/v7e-m+fp/hard\libgcc.a(_udivmoddi4.o)
                0x08004fbc                        __exidx_end = .

.preinit_array  0x08004fbc        0x0
                0x08004fbc                        PROVIDE (__preinit_array_start = .)
 *(.preinit_array*)
                0x08004fbc                        PROVIDE (__preinit_array_end = .)

.init_array     0x08004fbc        0x4
                0x08004fbc                        PROVIDE (__init_array_start = .)
 *(SORT_BY_NAME(.init_array.*))
 *(.init_array*)
 .init_array    0x08004fbc        0x4 C:/ST/STM32CubeIDE_2.1.1/STM32CubeIDE/plugins/com.st.stm32cube.ide.mcu.externaltools.gnu-tools-for-stm32.14.3.rel1.win32_1.0.100.202602081740/tools/bin/../lib/gcc/arm-none-eabi/14.3.1/thumb/v7e-m+fp/hard/crtbegin.o
                0x08004fc0                        PROVIDE (__init_array_end = .)

.fini_array     0x08004fc0        0x4
                [!provide]                        PROVIDE (__fini_array_start = .)
 *(SORT_BY_NAME(.fini_array.*))
 *(.fini_array*)
 .fini_array    0x08004fc0        0x4 C:/ST/STM32CubeIDE_2.1.1/STM32CubeIDE/plugins/com.st.stm32cube.ide.mcu.externaltools.gnu-tools-for-stm32.14.3.rel1.win32_1.0.100.202602081740/tools/bin/../lib/gcc/arm-none-eabi/14.3.1/thumb/v7e-m+fp/hard/crtbegin.o
                [!provide]                        PROVIDE (__fini_array_end = .)
                0x08004fc4                        _sidata = LOADADDR (.data)

.rel.dyn        0x08004fc4        0x0
 .rel.iplt      0x08004fc4        0x0 C:/ST/STM32CubeIDE_2.1.1/STM32CubeIDE/plugins/com.st.stm32cube.ide.mcu.externaltools.gnu-tools-for-stm32.14.3.rel1.win32_1.0.100.202602081740/tools/bin/../lib/gcc/arm-none-eabi/14.3.1/thumb/v7e-m+fp/hard/crtbegin.o

.data           0x20000008       0x28 load address 0x08004fc4
                0x20000008                        . = ALIGN (0x4)
                0x20000008                        _sdata = .
 *(.data)
 *(.data*)
 .data.SystemCoreClock
                0x20000008        0x4 ./Core/Src/system_stm32wbxx.o
                0x20000008                SystemCoreClock
 .data.GPIO_PORT
                0x2000000c        0xc ./Drivers/BSP/P-NUCLEO-WB55.Nucleo/stm32wbxx_nucleo.o
                0x2000000c                GPIO_PORT
 .data.BUTTON_PORT
                0x20000018        0xc ./Drivers/BSP/P-NUCLEO-WB55.Nucleo/stm32wbxx_nucleo.o
                0x20000018                BUTTON_PORT
 .data.COM_USART
                0x20000024        0x4 ./Drivers/BSP/P-NUCLEO-WB55.Nucleo/stm32wbxx_nucleo.o
 .data.uwTickPrio
                0x20000028        0x4 ./Drivers/STM32WBxx_HAL_Driver/Src/stm32wbxx_hal.o
                0x20000028                uwTickPrio
 .data.uwTickFreq
                0x2000002c        0x1 ./Drivers/STM32WBxx_HAL_Driver/Src/stm32wbxx_hal.o
                0x2000002c                uwTickFreq
 *(.RamFunc)
 *(.RamFunc*)
                0x20000030                        . = ALIGN (0x4)
 *fill*         0x2000002d        0x3 
                0x20000030                        _edata = .

.igot.plt       0x20000030        0x0 load address 0x08004fec
 .igot.plt      0x20000030        0x0 C:/ST/STM32CubeIDE_2.1.1/STM32CubeIDE/plugins/com.st.stm32cube.ide.mcu.externaltools.gnu-tools-for-stm32.14.3.rel1.win32_1.0.100.202602081740/tools/bin/../lib/gcc/arm-none-eabi/14.3.1/thumb/v7e-m+fp/hard/crtbegin.o
                0x20000030                        . = ALIGN (0x4)

.bss            0x20000030      0x12c load address 0x08004fec
                0x20000030                        _sbss = .
                0x20000030                        __bss_start__ = _sbss
 *(.bss)
 .bss           0x20000030       0x1c C:/ST/STM32CubeIDE_2.1.1/STM32CubeIDE/plugins/com.st.stm32cube.ide.mcu.externaltools.gnu-tools-for-stm32.14.3.rel1.win32_1.0.100.202602081740/tools/bin/../lib/gcc/arm-none-eabi/14.3.1/thumb/v7e-m+fp/hard/crtbegin.o
 *(.bss*)
 .bss.radio_status
                0x2000004c        0x2 ./Core/Src/board_sx126x_calls.o
                0x2000004c                radio_status
 *fill*         0x2000004e        0x2 
 .bss.BspCOMInit
                0x20000050       0x10 ./Core/Src/main.o
                0x20000050                BspCOMInit
 .bss.hspi1     0x20000060       0x64 ./Core/Src/main.o
                0x20000060                hspi1
 .bss.hcom_uart
                0x200000c4       0x94 ./Drivers/BSP/P-NUCLEO-WB55.Nucleo/stm32wbxx_nucleo.o
                0x200000c4                hcom_uart
 .bss.uwTick    0x20000158        0x4 ./Drivers/STM32WBxx_HAL_Driver/Src/stm32wbxx_hal.o
                0x20000158                uwTick
 *(COMMON)
                0x2000015c                        . = ALIGN (0x4)
                0x2000015c                        _ebss = .
                0x2000015c                        __bss_end__ = _ebss

._user_heap_stack
                0x2000015c      0x604 load address 0x08004fec
                0x20000160                        . = ALIGN (0x8)
 *fill*         0x2000015c        0x4 
                [!provide]                        PROVIDE (end = .)
                0x20000160                        PROVIDE (_end = .)
                0x20000360                        . = (. + _Min_Heap_Size)
 *fill*         0x20000160      0x200 
                0x20000760                        . = (. + _Min_Stack_Size)
 *fill*         0x20000360      0x400 
                0x20000760                        . = ALIGN (0x8)

/DISCARD/
 libc.a(*)
 libm.a(*)
 libgcc.a(*)

.ARM.attributes
                0x00000000       0x30
 *(.ARM.attributes)
 .ARM.attributes
                0x00000000       0x22 C:/ST/STM32CubeIDE_2.1.1/STM32CubeIDE/plugins/com.st.stm32cube.ide.mcu.externaltools.gnu-tools-for-stm32.14.3.rel1.win32_1.0.100.202602081740/tools/bin/../lib/gcc/arm-none-eabi/14.3.1/thumb/v7e-m+fp/hard/crti.o
 .ARM.attributes
                0x00000022       0x34 C:/ST/STM32CubeIDE_2.1.1/STM32CubeIDE/plugins/com.st.stm32cube.ide.mcu.externaltools.gnu-tools-for-stm32.14.3.rel1.win32_1.0.100.202602081740/tools/bin/../lib/gcc/arm-none-eabi/14.3.1/thumb/v7e-m+fp/hard/crtbegin.o
 .ARM.attributes
                0x00000056       0x34 ./Core/Src/board_sx126x_calls.o
 .ARM.attributes
                0x0000008a       0x34 ./Core/Src/board_sx126x_hal.o
 .ARM.attributes
                0x000000be       0x34 ./Core/Src/main.o
 .ARM.attributes
                0x000000f2       0x34 ./Core/Src/stm32wbxx_hal_msp.o
 .ARM.attributes
                0x00000126       0x34 ./Core/Src/stm32wbxx_it.o
 .ARM.attributes
                0x0000015a       0x34 ./Core/Src/system_stm32wbxx.o
 .ARM.attributes
                0x0000018e       0x21 ./Core/Startup/startup_stm32wb55rgvx.o
 .ARM.attributes
                0x000001af       0x34 ./Drivers/BSP/P-NUCLEO-WB55.Nucleo/stm32wbxx_nucleo.o
 .ARM.attributes
                0x000001e3       0x34 ./Drivers/STM32WBxx_HAL_Driver/Src/stm32wbxx_hal.o
 .ARM.attributes
                0x00000217       0x34 ./Drivers/STM32WBxx_HAL_Driver/Src/stm32wbxx_hal_cortex.o
 .ARM.attributes
                0x0000024b       0x34 ./Drivers/STM32WBxx_HAL_Driver/Src/stm32wbxx_hal_gpio.o
 .ARM.attributes
                0x0000027f       0x34 ./Drivers/STM32WBxx_HAL_Driver/Src/stm32wbxx_hal_pwr.o
 .ARM.attributes
                0x000002b3       0x34 ./Drivers/STM32WBxx_HAL_Driver/Src/stm32wbxx_hal_pwr_ex.o
 .ARM.attributes
                0x000002e7       0x34 ./Drivers/STM32WBxx_HAL_Driver/Src/stm32wbxx_hal_rcc.o
 .ARM.attributes
                0x0000031b       0x34 ./Drivers/STM32WBxx_HAL_Driver/Src/stm32wbxx_hal_rcc_ex.o
 .ARM.attributes
                0x0000034f       0x34 ./Drivers/STM32WBxx_HAL_Driver/Src/stm32wbxx_hal_spi.o
 .ARM.attributes
                0x00000383       0x34 ./Drivers/STM32WBxx_HAL_Driver/Src/stm32wbxx_hal_uart.o
 .ARM.attributes
                0x000003b7       0x34 ./Drivers/sx126x_driver/src/sx126x.o
 .ARM.attributes
                0x000003eb       0x34 C:/ST/STM32CubeIDE_2.1.1/STM32CubeIDE/plugins/com.st.stm32cube.ide.mcu.externaltools.gnu-tools-for-stm32.14.3.rel1.win32_1.0.100.202602081740/tools/bin/../lib/gcc/arm-none-eabi/14.3.1/../../../../arm-none-eabi/lib/thumb/v7e-m+fp/hard\libc_nano.a(libc_a-memset.o)
 .ARM.attributes
                0x0000041f       0x34 C:/ST/STM32CubeIDE_2.1.1/STM32CubeIDE/plugins/com.st.stm32cube.ide.mcu.externaltools.gnu-tools-for-stm32.14.3.rel1.win32_1.0.100.202602081740/tools/bin/../lib/gcc/arm-none-eabi/14.3.1/../../../../arm-none-eabi/lib/thumb/v7e-m+fp/hard\libc_nano.a(libc_a-init.o)
 .ARM.attributes
                0x00000453       0x34 C:/ST/STM32CubeIDE_2.1.1/STM32CubeIDE/plugins/com.st.stm32cube.ide.mcu.externaltools.gnu-tools-for-stm32.14.3.rel1.win32_1.0.100.202602081740/tools/bin/../lib/gcc/arm-none-eabi/14.3.1/../../../../arm-none-eabi/lib/thumb/v7e-m+fp/hard\libc_nano.a(libc_a-memcpy-stub.o)
 .ARM.attributes
                0x00000487       0x22 C:/ST/STM32CubeIDE_2.1.1/STM32CubeIDE/plugins/com.st.stm32cube.ide.mcu.externaltools.gnu-tools-for-stm32.14.3.rel1.win32_1.0.100.202602081740/tools/bin/../lib/gcc/arm-none-eabi/14.3.1/thumb/v7e-m+fp/hard\libgcc.a(_aeabi_uldivmod.o)
 .ARM.attributes
                0x000004a9       0x34 C:/ST/STM32CubeIDE_2.1.1/STM32CubeIDE/plugins/com.st.stm32cube.ide.mcu.externaltools.gnu-tools-for-stm32.14.3.rel1.win32_1.0.100.202602081740/tools/bin/../lib/gcc/arm-none-eabi/14.3.1/thumb/v7e-m+fp/hard\libgcc.a(_udivmoddi4.o)
 .ARM.attributes
                0x000004dd       0x22 C:/ST/STM32CubeIDE_2.1.1/STM32CubeIDE/plugins/com.st.stm32cube.ide.mcu.externaltools.gnu-tools-for-stm32.14.3.rel1.win32_1.0.100.202602081740/tools/bin/../lib/gcc/arm-none-eabi/14.3.1/thumb/v7e-m+fp/hard\libgcc.a(_dvmd_tls.o)
 .ARM.attributes
                0x000004ff       0x22 C:/ST/STM32CubeIDE_2.1.1/STM32CubeIDE/plugins/com.st.stm32cube.ide.mcu.externaltools.gnu-tools-for-stm32.14.3.rel1.win32_1.0.100.202602081740/tools/bin/../lib/gcc/arm-none-eabi/14.3.1/thumb/v7e-m+fp/hard/crtn.o

MAPPING_TABLE
 *(MAPPING_TABLE)

MB_MEM1
 *(MB_MEM1)
                0x08004fec                        _siMB_MEM2 = LOADADDR (.MB_MEM2)

.MB_MEM2        0x20030000        0x0 load address 0x08004fec
                0x20030000                        _sMB_MEM2 = .
 *(MB_MEM2)
                0x20030000                        _eMB_MEM2 = .
OUTPUT(Nucleo-WB55-Board.elf elf32-littlearm)
LOAD linker stubs
LOAD C:/ST/STM32CubeIDE_2.1.1/STM32CubeIDE/plugins/com.st.stm32cube.ide.mcu.externaltools.gnu-tools-for-stm32.14.3.rel1.win32_1.0.100.202602081740/tools/bin/../lib/gcc/arm-none-eabi/14.3.1/../../../../arm-none-eabi/lib/thumb/v7e-m+fp/hard\libc.a
LOAD C:/ST/STM32CubeIDE_2.1.1/STM32CubeIDE/plugins/com.st.stm32cube.ide.mcu.externaltools.gnu-tools-for-stm32.14.3.rel1.win32_1.0.100.202602081740/tools/bin/../lib/gcc/arm-none-eabi/14.3.1/../../../../arm-none-eabi/lib/thumb/v7e-m+fp/hard\libm.a
LOAD C:/ST/STM32CubeIDE_2.1.1/STM32CubeIDE/plugins/com.st.stm32cube.ide.mcu.externaltools.gnu-tools-for-stm32.14.3.rel1.win32_1.0.100.202602081740/tools/bin/../lib/gcc/arm-none-eabi/14.3.1/thumb/v7e-m+fp/hard\libgcc.a

.debug_info     0x00000000    0x1553c
 .debug_info    0x00000000      0x9df ./Core/Src/board_sx126x_calls.o
 .debug_info    0x000009df      0xa24 ./Core/Src/board_sx126x_hal.o
 .debug_info    0x00001403     0x14cc ./Core/Src/main.o
 .debug_info    0x000028cf      0xbf3 ./Core/Src/stm32wbxx_hal_msp.o
 .debug_info    0x000034c2      0x173 ./Core/Src/stm32wbxx_it.o
 .debug_info    0x00003635      0x703 ./Core/Src/system_stm32wbxx.o
 .debug_info    0x00003d38       0x30 ./Core/Startup/startup_stm32wb55rgvx.o
 .debug_info    0x00003d68     0x1b83 ./Drivers/BSP/P-NUCLEO-WB55.Nucleo/stm32wbxx_nucleo.o
 .debug_info    0x000058eb     0x12ae ./Drivers/STM32WBxx_HAL_Driver/Src/stm32wbxx_hal.o
 .debug_info    0x00006b99      0xccd ./Drivers/STM32WBxx_HAL_Driver/Src/stm32wbxx_hal_cortex.o
 .debug_info    0x00007866      0x6b9 ./Drivers/STM32WBxx_HAL_Driver/Src/stm32wbxx_hal_gpio.o
 .debug_info    0x00007f1f      0x904 ./Drivers/STM32WBxx_HAL_Driver/Src/stm32wbxx_hal_pwr.o
 .debug_info    0x00008823     0x105d ./Drivers/STM32WBxx_HAL_Driver/Src/stm32wbxx_hal_pwr_ex.o
 .debug_info    0x00009880     0x14d6 ./Drivers/STM32WBxx_HAL_Driver/Src/stm32wbxx_hal_rcc.o
 .debug_info    0x0000ad56     0x1c45 ./Drivers/STM32WBxx_HAL_Driver/Src/stm32wbxx_hal_rcc_ex.o
 .debug_info    0x0000c99b     0x1665 ./Drivers/STM32WBxx_HAL_Driver/Src/stm32wbxx_hal_spi.o
 .debug_info    0x0000e000     0x4a2a ./Drivers/STM32WBxx_HAL_Driver/Src/stm32wbxx_hal_uart.o
 .debug_info    0x00012a2a     0x2b12 ./Drivers/sx126x_driver/src/sx126x.o

.debug_abbrev   0x00000000     0x29f3
 .debug_abbrev  0x00000000      0x1ef ./Core/Src/board_sx126x_calls.o
 .debug_abbrev  0x000001ef      0x201 ./Core/Src/board_sx126x_hal.o
 .debug_abbrev  0x000003f0      0x2d8 ./Core/Src/main.o
 .debug_abbrev  0x000006c8      0x20f ./Core/Src/stm32wbxx_hal_msp.o
 .debug_abbrev  0x000008d7       0xa0 ./Core/Src/stm32wbxx_it.o
 .debug_abbrev  0x00000977      0x13b ./Core/Src/system_stm32wbxx.o
 .debug_abbrev  0x00000ab2       0x24 ./Core/Startup/startup_stm32wb55rgvx.o
 .debug_abbrev  0x00000ad6      0x309 ./Drivers/BSP/P-NUCLEO-WB55.Nucleo/stm32wbxx_nucleo.o
 .debug_abbrev  0x00000ddf      0x367 ./Drivers/STM32WBxx_HAL_Driver/Src/stm32wbxx_hal.o
 .debug_abbrev  0x00001146      0x319 ./Drivers/STM32WBxx_HAL_Driver/Src/stm32wbxx_hal_cortex.o
 .debug_abbrev  0x0000145f      0x1ec ./Drivers/STM32WBxx_HAL_Driver/Src/stm32wbxx_hal_gpio.o
 .debug_abbrev  0x0000164b      0x205 ./Drivers/STM32WBxx_HAL_Driver/Src/stm32wbxx_hal_pwr.o
 .debug_abbrev  0x00001850      0x31c ./Drivers/STM32WBxx_HAL_Driver/Src/stm32wbxx_hal_pwr_ex.o
 .debug_abbrev  0x00001b6c      0x31b ./Drivers/STM32WBxx_HAL_Driver/Src/stm32wbxx_hal_rcc.o
 .debug_abbrev  0x00001e87      0x35a ./Drivers/STM32WBxx_HAL_Driver/Src/stm32wbxx_hal_rcc_ex.o
 .debug_abbrev  0x000021e1      0x25d ./Drivers/STM32WBxx_HAL_Driver/Src/stm32wbxx_hal_spi.o
 .debug_abbrev  0x0000243e      0x343 ./Drivers/STM32WBxx_HAL_Driver/Src/stm32wbxx_hal_uart.o
 .debug_abbrev  0x00002781      0x272 ./Drivers/sx126x_driver/src/sx126x.o

.debug_aranges  0x00000000     0x1720
 .debug_aranges
                0x00000000       0x30 ./Core/Src/board_sx126x_calls.o
 .debug_aranges
                0x00000030       0x40 ./Core/Src/board_sx126x_hal.o
 .debug_aranges
                0x00000070       0x50 ./Core/Src/main.o
 .debug_aranges
                0x000000c0       0x48 ./Core/Src/stm32wbxx_hal_msp.o
 .debug_aranges
                0x00000108       0x78 ./Core/Src/stm32wbxx_it.o
 .debug_aranges
                0x00000180       0x28 ./Core/Src/system_stm32wbxx.o
 .debug_aranges
                0x000001a8       0x30 ./Core/Startup/startup_stm32wb55rgvx.o
 .debug_aranges
                0x000001d8      0x118 ./Drivers/BSP/P-NUCLEO-WB55.Nucleo/stm32wbxx_nucleo.o
 .debug_aranges
                0x000002f0      0x280 ./Drivers/STM32WBxx_HAL_Driver/Src/stm32wbxx_hal.o
 .debug_aranges
                0x00000570      0x118 ./Drivers/STM32WBxx_HAL_Driver/Src/stm32wbxx_hal_cortex.o
 .debug_aranges
                0x00000688       0x60 ./Drivers/STM32WBxx_HAL_Driver/Src/stm32wbxx_hal_gpio.o
 .debug_aranges
                0x000006e8       0xd0 ./Drivers/STM32WBxx_HAL_Driver/Src/stm32wbxx_hal_pwr.o
 .debug_aranges
                0x000007b8      0x288 ./Drivers/STM32WBxx_HAL_Driver/Src/stm32wbxx_hal_pwr_ex.o
 .debug_aranges
                0x00000a40      0x270 ./Drivers/STM32WBxx_HAL_Driver/Src/stm32wbxx_hal_rcc.o
 .debug_aranges
                0x00000cb0      0x390 ./Drivers/STM32WBxx_HAL_Driver/Src/stm32wbxx_hal_rcc_ex.o
 .debug_aranges
                0x00001040      0x1d8 ./Drivers/STM32WBxx_HAL_Driver/Src/stm32wbxx_hal_spi.o
 .debug_aranges
                0x00001218      0x258 ./Drivers/STM32WBxx_HAL_Driver/Src/stm32wbxx_hal_uart.o
 .debug_aranges
                0x00001470      0x2b0 ./Drivers/sx126x_driver/src/sx126x.o

.debug_rnglists
                0x00000000     0x1198
 .debug_rnglists
                0x00000000       0x20 ./Core/Src/board_sx126x_calls.o
 .debug_rnglists
                0x00000020       0x2d ./Core/Src/board_sx126x_hal.o
 .debug_rnglists
                0x0000004d       0x3a ./Core/Src/main.o
 .debug_rnglists
                0x00000087       0x31 ./Core/Src/stm32wbxx_hal_msp.o
 .debug_rnglists
                0x000000b8       0x55 ./Core/Src/stm32wbxx_it.o
 .debug_rnglists
                0x0000010d       0x1b ./Core/Src/system_stm32wbxx.o
 .debug_rnglists
                0x00000128       0x1f ./Core/Startup/startup_stm32wb55rgvx.o
 .debug_rnglists
                0x00000147       0xd1 ./Drivers/BSP/P-NUCLEO-WB55.Nucleo/stm32wbxx_nucleo.o
 .debug_rnglists
                0x00000218      0x1db ./Drivers/STM32WBxx_HAL_Driver/Src/stm32wbxx_hal.o
 .debug_rnglists
                0x000003f3       0xce ./Drivers/STM32WBxx_HAL_Driver/Src/stm32wbxx_hal_cortex.o
 .debug_rnglists
                0x000004c1       0x45 ./Drivers/STM32WBxx_HAL_Driver/Src/stm32wbxx_hal_gpio.o
 .debug_rnglists
                0x00000506       0x99 ./Drivers/STM32WBxx_HAL_Driver/Src/stm32wbxx_hal_pwr.o
 .debug_rnglists
                0x0000059f      0x1e8 ./Drivers/STM32WBxx_HAL_Driver/Src/stm32wbxx_hal_pwr_ex.o
 .debug_rnglists
                0x00000787      0x1d6 ./Drivers/STM32WBxx_HAL_Driver/Src/stm32wbxx_hal_rcc.o
 .debug_rnglists
                0x0000095d      0x2b6 ./Drivers/STM32WBxx_HAL_Driver/Src/stm32wbxx_hal_rcc_ex.o
 .debug_rnglists
                0x00000c13      0x178 ./Drivers/STM32WBxx_HAL_Driver/Src/stm32wbxx_hal_spi.o
 .debug_rnglists
                0x00000d8b      0x203 ./Drivers/STM32WBxx_HAL_Driver/Src/stm32wbxx_hal_uart.o
 .debug_rnglists
                0x00000f8e      0x20a ./Drivers/sx126x_driver/src/sx126x.o

.debug_macro    0x00000000    0x22727
 .debug_macro   0x00000000      0x369 ./Core/Src/board_sx126x_calls.o
 .debug_macro   0x00000369      0xade ./Core/Src/board_sx126x_calls.o
 .debug_macro   0x00000e47       0x22 ./Core/Src/board_sx126x_calls.o
 .debug_macro   0x00000e69       0x8e ./Core/Src/board_sx126x_calls.o
 .debug_macro   0x00000ef7       0x51 ./Core/Src/board_sx126x_calls.o
 .debug_macro   0x00000f48      0x103 ./Core/Src/board_sx126x_calls.o
 .debug_macro   0x0000104b       0x6a ./Core/Src/board_sx126x_calls.o
 .debug_macro   0x000010b5      0x1df ./Core/Src/board_sx126x_calls.o
 .debug_macro   0x00001294       0x22 ./Core/Src/board_sx126x_calls.o
 .debug_macro   0x000012b6       0xa7 ./Core/Src/board_sx126x_calls.o
 .debug_macro   0x0000135d       0x10 ./Core/Src/board_sx126x_calls.o
 .debug_macro   0x0000136d       0x10 ./Core/Src/board_sx126x_calls.o
 .debug_macro   0x0000137d      0x130 ./Core/Src/board_sx126x_calls.o
 .debug_macro   0x000014ad       0x2e ./Core/Src/board_sx126x_calls.o
 .debug_macro   0x000014db       0x2e ./Core/Src/board_sx126x_calls.o
 .debug_macro   0x00001509       0x1c ./Core/Src/board_sx126x_calls.o
 .debug_macro   0x00001525       0x22 ./Core/Src/board_sx126x_calls.o
 .debug_macro   0x00001547       0xfb ./Core/Src/board_sx126x_calls.o
 .debug_macro   0x00001642     0x1011 ./Core/Src/board_sx126x_calls.o
 .debug_macro   0x00002653      0x11f ./Core/Src/board_sx126x_calls.o
 .debug_macro   0x00002772    0x12adb ./Core/Src/board_sx126x_calls.o
 .debug_macro   0x0001524d       0x6c ./Core/Src/board_sx126x_calls.o
 .debug_macro   0x000152b9     0x350b ./Core/Src/board_sx126x_calls.o
 .debug_macro   0x000187c4      0x190 ./Core/Src/board_sx126x_calls.o
 .debug_macro   0x00018954       0x5c ./Core/Src/board_sx126x_calls.o
 .debug_macro   0x000189b0      0x3f5 ./Core/Src/board_sx126x_calls.o
 .debug_macro   0x00018da5      0x286 ./Core/Src/board_sx126x_calls.o
 .debug_macro   0x0001902b      0x30d ./Core/Src/board_sx126x_calls.o
 .debug_macro   0x00019338      0x17e ./Core/Src/board_sx126x_calls.o
 .debug_macro   0x000194b6       0x43 ./Core/Src/board_sx126x_calls.o
 .debug_macro   0x000194f9      0x236 ./Core/Src/board_sx126x_calls.o
 .debug_macro   0x0001972f      0x24a ./Core/Src/board_sx126x_calls.o
 .debug_macro   0x00019979      0x57b ./Core/Src/board_sx126x_calls.o
 .debug_macro   0x00019ef4       0x2e ./Core/Src/board_sx126x_calls.o
 .debug_macro   0x00019f22      0x100 ./Core/Src/board_sx126x_calls.o
 .debug_macro   0x0001a022      0x1ba ./Core/Src/board_sx126x_calls.o
 .debug_macro   0x0001a1dc      0x1cd ./Core/Src/board_sx126x_calls.o
 .debug_macro   0x0001a3a9      0x381 ./Core/Src/board_sx126x_calls.o
 .debug_macro   0x0001a72a      0x13d ./Core/Src/board_sx126x_calls.o
 .debug_macro   0x0001a867      0x141 ./Core/Src/board_sx126x_calls.o
 .debug_macro   0x0001a9a8      0x4ff ./Core/Src/board_sx126x_calls.o
 .debug_macro   0x0001aea7      0x874 ./Core/Src/board_sx126x_calls.o
 .debug_macro   0x0001b71b      0x259 ./Core/Src/board_sx126x_calls.o
 .debug_macro   0x0001b974     0x1bb1 ./Core/Src/board_sx126x_calls.o
 .debug_macro   0x0001d525       0xd0 ./Core/Src/board_sx126x_calls.o
 .debug_macro   0x0001d5f5      0x5e7 ./Core/Src/board_sx126x_calls.o
 .debug_macro   0x0001dbdc      0x2fe ./Core/Src/board_sx126x_calls.o
 .debug_macro   0x0001deda      0x693 ./Core/Src/board_sx126x_calls.o
 .debug_macro   0x0001e56d       0xa6 ./Core/Src/board_sx126x_calls.o
 .debug_macro   0x0001e613      0x557 ./Core/Src/board_sx126x_calls.o
 .debug_macro   0x0001eb6a      0x433 ./Core/Src/board_sx126x_calls.o
 .debug_macro   0x0001ef9d       0x52 ./Core/Src/board_sx126x_calls.o
 .debug_macro   0x0001efef       0x2e ./Core/Src/board_sx126x_calls.o
 .debug_macro   0x0001f01d       0x61 ./Core/Src/board_sx126x_calls.o
 .debug_macro   0x0001f07e       0x2a ./Core/Src/board_sx126x_calls.o
 .debug_macro   0x0001f0a8       0x43 ./Core/Src/board_sx126x_calls.o
 .debug_macro   0x0001f0eb       0x34 ./Core/Src/board_sx126x_calls.o
 .debug_macro   0x0001f11f       0x16 ./Core/Src/board_sx126x_calls.o
 .debug_macro   0x0001f135       0x3c ./Core/Src/board_sx126x_calls.o
 .debug_macro   0x0001f171      0x364 ./Core/Src/board_sx126x_calls.o
 .debug_macro   0x0001f4d5       0x10 ./Core/Src/board_sx126x_calls.o
 .debug_macro   0x0001f4e5       0x16 ./Core/Src/board_sx126x_calls.o
 .debug_macro   0x0001f4fb       0x4a ./Core/Src/board_sx126x_calls.o
 .debug_macro   0x0001f545       0x34 ./Core/Src/board_sx126x_calls.o
 .debug_macro   0x0001f579       0x10 ./Core/Src/board_sx126x_calls.o
 .debug_macro   0x0001f589       0x58 ./Core/Src/board_sx126x_calls.o
 .debug_macro   0x0001f5e1       0x8e ./Core/Src/board_sx126x_calls.o
 .debug_macro   0x0001f66f       0x1c ./Core/Src/board_sx126x_calls.o
 .debug_macro   0x0001f68b      0x17e ./Core/Src/board_sx126x_calls.o
 .debug_macro   0x0001f809       0x16 ./Core/Src/board_sx126x_calls.o
 .debug_macro   0x0001f81f       0x16 ./Core/Src/board_sx126x_calls.o
 .debug_macro   0x0001f835      0x146 ./Core/Src/board_sx126x_calls.o
 .debug_macro   0x0001f97b      0x273 ./Core/Src/board_sx126x_calls.o
 .debug_macro   0x0001fbee       0xac ./Core/Src/board_sx126x_calls.o
 .debug_macro   0x0001fc9a      0x37a ./Core/Src/board_sx126x_hal.o
 .debug_macro   0x00020014       0x10 ./Core/Src/board_sx126x_hal.o
 .debug_macro   0x00020024       0x20 ./Core/Src/board_sx126x_hal.o
 .debug_macro   0x00020044       0x56 ./Core/Src/board_sx126x_hal.o
 .debug_macro   0x0002009a       0x1c ./Core/Src/board_sx126x_hal.o
 .debug_macro   0x000200b6       0x1c ./Core/Src/board_sx126x_hal.o
 .debug_macro   0x000200d2      0x369 ./Core/Src/main.o
 .debug_macro   0x0002043b      0x32b ./Core/Src/stm32wbxx_hal_msp.o
 .debug_macro   0x00020766      0x335 ./Core/Src/stm32wbxx_it.o
 .debug_macro   0x00020a9b      0x223 ./Core/Src/system_stm32wbxx.o
 .debug_macro   0x00020cbe      0x352 ./Drivers/BSP/P-NUCLEO-WB55.Nucleo/stm32wbxx_nucleo.o
 .debug_macro   0x00021010       0x28 ./Drivers/BSP/P-NUCLEO-WB55.Nucleo/stm32wbxx_nucleo.o
 .debug_macro   0x00021038      0x247 ./Drivers/STM32WBxx_HAL_Driver/Src/stm32wbxx_hal.o
 .debug_macro   0x0002127f      0x223 ./Drivers/STM32WBxx_HAL_Driver/Src/stm32wbxx_hal_cortex.o
 .debug_macro   0x000214a2      0x22a ./Drivers/STM32WBxx_HAL_Driver/Src/stm32wbxx_hal_gpio.o
 .debug_macro   0x000216cc      0x295 ./Drivers/STM32WBxx_HAL_Driver/Src/stm32wbxx_hal_pwr.o
 .debug_macro   0x00021961      0x235 ./Drivers/STM32WBxx_HAL_Driver/Src/stm32wbxx_hal_pwr_ex.o
 .debug_macro   0x00021b96      0x295 ./Drivers/STM32WBxx_HAL_Driver/Src/stm32wbxx_hal_rcc.o
 .debug_macro   0x00021e2b      0x278 ./Drivers/STM32WBxx_HAL_Driver/Src/stm32wbxx_hal_rcc_ex.o
 .debug_macro   0x000220a3      0x22b ./Drivers/STM32WBxx_HAL_Driver/Src/stm32wbxx_hal_spi.o
 .debug_macro   0x000222ce      0x24e ./Drivers/STM32WBxx_HAL_Driver/Src/stm32wbxx_hal_uart.o
 .debug_macro   0x0002251c       0xd0 ./Drivers/sx126x_driver/src/sx126x.o
 .debug_macro   0x000225ec      0x13b ./Drivers/sx126x_driver/src/sx126x.o

.debug_line     0x00000000    0x13dbd
 .debug_line    0x00000000      0xb02 ./Core/Src/board_sx126x_calls.o
 .debug_line    0x00000b02      0xb38 ./Core/Src/board_sx126x_hal.o
 .debug_line    0x0000163a      0xc0f ./Core/Src/main.o
 .debug_line    0x00002249      0xa67 ./Core/Src/stm32wbxx_hal_msp.o
 .debug_line    0x00002cb0      0xab5 ./Core/Src/stm32wbxx_it.o
 .debug_line    0x00003765      0x8ae ./Core/Src/system_stm32wbxx.o
 .debug_line    0x00004013       0x83 ./Core/Startup/startup_stm32wb55rgvx.o
 .debug_line    0x00004096      0xf37 ./Drivers/BSP/P-NUCLEO-WB55.Nucleo/stm32wbxx_nucleo.o
 .debug_line    0x00004fcd     0x1078 ./Drivers/STM32WBxx_HAL_Driver/Src/stm32wbxx_hal.o
 .debug_line    0x00006045      0xd5b ./Drivers/STM32WBxx_HAL_Driver/Src/stm32wbxx_hal_cortex.o
 .debug_line    0x00006da0      0xc22 ./Drivers/STM32WBxx_HAL_Driver/Src/stm32wbxx_hal_gpio.o
 .debug_line    0x000079c2      0xa98 ./Drivers/STM32WBxx_HAL_Driver/Src/stm32wbxx_hal_pwr.o
 .debug_line    0x0000845a     0x119a ./Drivers/STM32WBxx_HAL_Driver/Src/stm32wbxx_hal_pwr_ex.o
 .debug_line    0x000095f4     0x1b12 ./Drivers/STM32WBxx_HAL_Driver/Src/stm32wbxx_hal_rcc.o
 .debug_line    0x0000b106     0x1fcb ./Drivers/STM32WBxx_HAL_Driver/Src/stm32wbxx_hal_rcc_ex.o
 .debug_line    0x0000d0d1     0x20e1 ./Drivers/STM32WBxx_HAL_Driver/Src/stm32wbxx_hal_spi.o
 .debug_line    0x0000f1b2     0x362c ./Drivers/STM32WBxx_HAL_Driver/Src/stm32wbxx_hal_uart.o
 .debug_line    0x000127de     0x15df ./Drivers/sx126x_driver/src/sx126x.o

.debug_str      0x00000000    0xdc8aa
 .debug_str     0x00000000    0xdc8aa ./Core/Src/board_sx126x_calls.o
                              0xd4ba5 (size before relaxing)
 .debug_str     0x000dc8aa    0xd4107 ./Core/Src/board_sx126x_hal.o
 .debug_str     0x000dc8aa    0xd4e21 ./Core/Src/main.o
 .debug_str     0x000dc8aa    0xd40b8 ./Core/Src/stm32wbxx_hal_msp.o
 .debug_str     0x000dc8aa    0xd3989 ./Core/Src/stm32wbxx_it.o
 .debug_str     0x000dc8aa    0xcef96 ./Core/Src/system_stm32wbxx.o
 .debug_str     0x000dc8aa       0x7b ./Core/Startup/startup_stm32wb55rgvx.o
 .debug_str     0x000dc8aa    0xd4bb7 ./Drivers/BSP/P-NUCLEO-WB55.Nucleo/stm32wbxx_nucleo.o
 .debug_str     0x000dc8aa    0xcfe7c ./Drivers/STM32WBxx_HAL_Driver/Src/stm32wbxx_hal.o
 .debug_str     0x000dc8aa    0xcf634 ./Drivers/STM32WBxx_HAL_Driver/Src/stm32wbxx_hal_cortex.o
 .debug_str     0x000dc8aa    0xcef70 ./Drivers/STM32WBxx_HAL_Driver/Src/stm32wbxx_hal_gpio.o
 .debug_str     0x000dc8aa    0xcf406 ./Drivers/STM32WBxx_HAL_Driver/Src/stm32wbxx_hal_pwr.o
 .debug_str     0x000dc8aa    0xcf907 ./Drivers/STM32WBxx_HAL_Driver/Src/stm32wbxx_hal_pwr_ex.o
 .debug_str     0x000dc8aa    0xcfdf4 ./Drivers/STM32WBxx_HAL_Driver/Src/stm32wbxx_hal_rcc.o
 .debug_str     0x000dc8aa    0xd021d ./Drivers/STM32WBxx_HAL_Driver/Src/stm32wbxx_hal_rcc_ex.o
 .debug_str     0x000dc8aa    0xcf7cd ./Drivers/STM32WBxx_HAL_Driver/Src/stm32wbxx_hal_spi.o
 .debug_str     0x000dc8aa    0xcff76 ./Drivers/STM32WBxx_HAL_Driver/Src/stm32wbxx_hal_uart.o
 .debug_str     0x000dc8aa     0x7bca ./Drivers/sx126x_driver/src/sx126x.o

.comment        0x00000000       0x43
 .comment       0x00000000       0x43 ./Core/Src/board_sx126x_calls.o
                                 0x44 (size before relaxing)
 .comment       0x00000043       0x44 ./Core/Src/board_sx126x_hal.o
 .comment       0x00000043       0x44 ./Core/Src/main.o
 .comment       0x00000043       0x44 ./Core/Src/stm32wbxx_hal_msp.o
 .comment       0x00000043       0x44 ./Core/Src/stm32wbxx_it.o
 .comment       0x00000043       0x44 ./Core/Src/system_stm32wbxx.o
 .comment       0x00000043       0x44 ./Drivers/BSP/P-NUCLEO-WB55.Nucleo/stm32wbxx_nucleo.o
 .comment       0x00000043       0x44 ./Drivers/STM32WBxx_HAL_Driver/Src/stm32wbxx_hal.o
 .comment       0x00000043       0x44 ./Drivers/STM32WBxx_HAL_Driver/Src/stm32wbxx_hal_cortex.o
 .comment       0x00000043       0x44 ./Drivers/STM32WBxx_HAL_Driver/Src/stm32wbxx_hal_gpio.o
 .comment       0x00000043       0x44 ./Drivers/STM32WBxx_HAL_Driver/Src/stm32wbxx_hal_pwr.o
 .comment       0x00000043       0x44 ./Drivers/STM32WBxx_HAL_Driver/Src/stm32wbxx_hal_pwr_ex.o
 .comment       0x00000043       0x44 ./Drivers/STM32WBxx_HAL_Driver/Src/stm32wbxx_hal_rcc.o
 .comment       0x00000043       0x44 ./Drivers/STM32WBxx_HAL_Driver/Src/stm32wbxx_hal_rcc_ex.o
 .comment       0x00000043       0x44 ./Drivers/STM32WBxx_HAL_Driver/Src/stm32wbxx_hal_spi.o
 .comment       0x00000043       0x44 ./Drivers/STM32WBxx_HAL_Driver/Src/stm32wbxx_hal_uart.o
 .comment       0x00000043       0x44 ./Drivers/sx126x_driver/src/sx126x.o

.debug_frame    0x00000000     0x5b58
 .debug_frame   0x00000000       0x80 ./Core/Src/board_sx126x_calls.o
 .debug_frame   0x00000080       0xcc ./Core/Src/board_sx126x_hal.o
 .debug_frame   0x0000014c       0xf0 ./Core/Src/main.o
 .debug_frame   0x0000023c       0xe0 ./Core/Src/stm32wbxx_hal_msp.o
 .debug_frame   0x0000031c      0x14c ./Core/Src/stm32wbxx_it.o
 .debug_frame   0x00000468       0x50 ./Core/Src/system_stm32wbxx.o
 .debug_frame   0x000004b8      0x478 ./Drivers/BSP/P-NUCLEO-WB55.Nucleo/stm32wbxx_nucleo.o
 .debug_frame   0x00000930      0x96c ./Drivers/STM32WBxx_HAL_Driver/Src/stm32wbxx_hal.o
 .debug_frame   0x0000129c      0x454 ./Drivers/STM32WBxx_HAL_Driver/Src/stm32wbxx_hal_cortex.o
 .debug_frame   0x000016f0      0x154 ./Drivers/STM32WBxx_HAL_Driver/Src/stm32wbxx_hal_gpio.o
 .debug_frame   0x00001844      0x2f4 ./Drivers/STM32WBxx_HAL_Driver/Src/stm32wbxx_hal_pwr.o
 .debug_frame   0x00001b38      0x9e8 ./Drivers/STM32WBxx_HAL_Driver/Src/stm32wbxx_hal_pwr_ex.o
 .debug_frame   0x00002520      0x91c ./Drivers/STM32WBxx_HAL_Driver/Src/stm32wbxx_hal_rcc.o
 .debug_frame   0x00002e3c      0xdf8 ./Drivers/STM32WBxx_HAL_Driver/Src/stm32wbxx_hal_rcc_ex.o
 .debug_frame   0x00003c34      0x820 ./Drivers/STM32WBxx_HAL_Driver/Src/stm32wbxx_hal_spi.o
 .debug_frame   0x00004454      0xa60 ./Drivers/STM32WBxx_HAL_Driver/Src/stm32wbxx_hal_uart.o
 .debug_frame   0x00004eb4      0xbd0 ./Drivers/sx126x_driver/src/sx126x.o
 .debug_frame   0x00005a84       0x20 C:/ST/STM32CubeIDE_2.1.1/STM32CubeIDE/plugins/com.st.stm32cube.ide.mcu.externaltools.gnu-tools-for-stm32.14.3.rel1.win32_1.0.100.202602081740/tools/bin/../lib/gcc/arm-none-eabi/14.3.1/../../../../arm-none-eabi/lib/thumb/v7e-m+fp/hard\libc_nano.a(libc_a-memset.o)
 .debug_frame   0x00005aa4       0x2c C:/ST/STM32CubeIDE_2.1.1/STM32CubeIDE/plugins/com.st.stm32cube.ide.mcu.externaltools.gnu-tools-for-stm32.14.3.rel1.win32_1.0.100.202602081740/tools/bin/../lib/gcc/arm-none-eabi/14.3.1/../../../../arm-none-eabi/lib/thumb/v7e-m+fp/hard\libc_nano.a(libc_a-init.o)
 .debug_frame   0x00005ad0       0x28 C:/ST/STM32CubeIDE_2.1.1/STM32CubeIDE/plugins/com.st.stm32cube.ide.mcu.externaltools.gnu-tools-for-stm32.14.3.rel1.win32_1.0.100.202602081740/tools/bin/../lib/gcc/arm-none-eabi/14.3.1/../../../../arm-none-eabi/lib/thumb/v7e-m+fp/hard\libc_nano.a(libc_a-memcpy-stub.o)
 .debug_frame   0x00005af8       0x2c C:/ST/STM32CubeIDE_2.1.1/STM32CubeIDE/plugins/com.st.stm32cube.ide.mcu.externaltools.gnu-tools-for-stm32.14.3.rel1.win32_1.0.100.202602081740/tools/bin/../lib/gcc/arm-none-eabi/14.3.1/thumb/v7e-m+fp/hard\libgcc.a(_aeabi_uldivmod.o)
 .debug_frame   0x00005b24       0x34 C:/ST/STM32CubeIDE_2.1.1/STM32CubeIDE/plugins/com.st.stm32cube.ide.mcu.externaltools.gnu-tools-for-stm32.14.3.rel1.win32_1.0.100.202602081740/tools/bin/../lib/gcc/arm-none-eabi/14.3.1/thumb/v7e-m+fp/hard\libgcc.a(_udivmoddi4.o)

.debug_line_str
                0x00000000       0x5f
 .debug_line_str
                0x00000000       0x5f ./Core/Startup/startup_stm32wb55rgvx.o
