../../Drivers/CMSIS/Include/core_cm0plus.h:741:22:__NVIC_EnableIRQ	16	static,ignoring_inline_asm
../../Drivers/CMSIS/Include/core_cm0plus.h:850:22:__NVIC_SetPriority	24	static
../../Drivers/STM32WB0x_HAL_Driver/Inc/stm32wb0x_ll_usart.h:3512:22:LL_USART_EnableIT_RXNE_RXFNE	32	static,ignoring_inline_asm
C:/Users/Nicho/STM32Cube/Example/WB05/BLE_Beacon/Core/Src/app_entry.c:98:10:MX_APPE_Init	16	static
C:/Users/Nicho/STM32Cube/Example/WB05/BLE_Beacon/Core/Src/app_entry.c:174:13:RxUART_Init	8	static
C:/Users/Nicho/STM32Cube/Example/WB05/BLE_Beacon/Core/Src/app_entry.c:187:6:UartRxCpltCallback	16	static
C:/Users/Nicho/STM32Cube/Example/WB05/BLE_Beacon/Core/Src/app_entry.c:210:13:UartCmdExecute	8	static
C:/Users/Nicho/STM32Cube/Example/WB05/BLE_Beacon/Core/Src/app_entry.c:222:6:MX_APPE_Process	8	static
C:/Users/Nicho/STM32Cube/Example/WB05/BLE_Beacon/Core/Src/app_entry.c:232:6:UTIL_SEQ_PreIdle	8	static
C:/Users/Nicho/STM32Cube/Example/WB05/BLE_Beacon/Core/Src/app_entry.c:242:6:UTIL_SEQ_Idle	8	static
