../../Drivers/STM32WB0x_HAL_Driver/Inc/stm32wb0x_ll_bus.h:229:22:LL_AHB1_GRP1_EnableClock	24	static
../../Drivers/STM32WB0x_HAL_Driver/Inc/stm32wb0x_ll_bus.h:279:22:LL_AHB1_GRP1_DisableClock	16	static
../../Drivers/STM32WB0x_HAL_Driver/Inc/stm32wb0x_ll_bus.h:358:22:LL_APB0_GRP1_EnableClock	24	static
../../Drivers/STM32WB0x_HAL_Driver/Inc/stm32wb0x_ll_bus.h:414:22:LL_APB0_GRP1_DisableClock	16	static
../../Drivers/STM32WB0x_HAL_Driver/Inc/stm32wb0x_ll_bus.h:504:22:LL_APB1_GRP1_EnableClock	24	static
../../Drivers/STM32WB0x_HAL_Driver/Inc/stm32wb0x_ll_bus.h:566:22:LL_APB1_GRP1_DisableClock	16	static
../../Drivers/STM32WB0x_HAL_Driver/Inc/stm32wb0x_ll_bus.h:642:22:LL_APB2_GRP1_EnableClock	24	static
../../Drivers/STM32WB0x_HAL_Driver/Inc/stm32wb0x_ll_bus.h:659:26:LL_APB2_GRP1_IsEnabledClock	16	static
../../Drivers/STM32WB0x_HAL_Driver/Inc/stm32wb0x_ll_bus.h:672:22:LL_APB2_GRP1_DisableClock	16	static
../../Drivers/STM32WB0x_HAL_Driver/Inc/stm32wb0x_ll_bus.h:685:22:LL_APB2_GRP1_ForceReset	16	static
../../Drivers/STM32WB0x_HAL_Driver/Inc/stm32wb0x_ll_bus.h:698:22:LL_APB2_GRP1_ReleaseReset	16	static
C:/Users/Nicho/STM32Cube/Example/WB05/BLE_Beacon/Core/Src/stm32wb0x_hal_msp.c:62:6:HAL_MspInit	16	static
C:/Users/Nicho/STM32Cube/Example/WB05/BLE_Beacon/Core/Src/stm32wb0x_hal_msp.c:98:6:HAL_ADC_MspInit	48	static
C:/Users/Nicho/STM32Cube/Example/WB05/BLE_Beacon/Core/Src/stm32wb0x_hal_msp.c:137:6:HAL_ADC_MspDeInit	16	static
C:/Users/Nicho/STM32Cube/Example/WB05/BLE_Beacon/Core/Src/stm32wb0x_hal_msp.c:166:6:HAL_I2C_MspInit	48	static
C:/Users/Nicho/STM32Cube/Example/WB05/BLE_Beacon/Core/Src/stm32wb0x_hal_msp.c:207:6:HAL_I2C_MspDeInit	16	static
C:/Users/Nicho/STM32Cube/Example/WB05/BLE_Beacon/Core/Src/stm32wb0x_hal_msp.c:238:6:HAL_PKA_MspInit	16	static
C:/Users/Nicho/STM32Cube/Example/WB05/BLE_Beacon/Core/Src/stm32wb0x_hal_msp.c:264:6:HAL_PKA_MspDeInit	16	static
C:/Users/Nicho/STM32Cube/Example/WB05/BLE_Beacon/Core/Src/stm32wb0x_hal_msp.c:289:6:HAL_RADIO_MspInit	48	static
C:/Users/Nicho/STM32Cube/Example/WB05/BLE_Beacon/Core/Src/stm32wb0x_hal_msp.c:344:6:HAL_RADIO_MspDeInit	16	static
C:/Users/Nicho/STM32Cube/Example/WB05/BLE_Beacon/Core/Src/stm32wb0x_hal_msp.c:373:6:HAL_RTC_MspInit	48	static
C:/Users/Nicho/STM32Cube/Example/WB05/BLE_Beacon/Core/Src/stm32wb0x_hal_msp.c:407:6:HAL_RTC_MspDeInit	16	static
C:/Users/Nicho/STM32Cube/Example/WB05/BLE_Beacon/Core/Src/stm32wb0x_hal_msp.c:429:6:HAL_TIM_Base_MspInit	48	static
C:/Users/Nicho/STM32Cube/Example/WB05/BLE_Beacon/Core/Src/stm32wb0x_hal_msp.c:469:6:HAL_TIM_Base_MspDeInit	16	static
C:/Users/Nicho/STM32Cube/Example/WB05/BLE_Beacon/Core/Src/stm32wb0x_hal_msp.c:497:6:HAL_UART_MspInit	48	static
C:/Users/Nicho/STM32Cube/Example/WB05/BLE_Beacon/Core/Src/stm32wb0x_hal_msp.c:548:6:HAL_UART_MspDeInit	16	static
C:/Users/Nicho/STM32Cube/Example/WB05/BLE_Beacon/Core/Src/stm32wb0x_hal_msp.c:580:13:lowPowerIOSetup	8	static
