../Drivers/STM32WB0x_HAL_Driver/Src/stm32wb0x_hal_rtc.c:235:19:HAL_RTC_Init	32	static
../Drivers/STM32WB0x_HAL_Driver/Src/stm32wb0x_hal_rtc.c:336:19:HAL_RTC_DeInit	32	static
../Drivers/STM32WB0x_HAL_Driver/Src/stm32wb0x_hal_rtc.c:562:13:HAL_RTC_MspInit	16	static
../Drivers/STM32WB0x_HAL_Driver/Src/stm32wb0x_hal_rtc.c:578:13:HAL_RTC_MspDeInit	16	static
../Drivers/STM32WB0x_HAL_Driver/Src/stm32wb0x_hal_rtc.c:619:19:HAL_RTC_SetTime	40	static
../Drivers/STM32WB0x_HAL_Driver/Src/stm32wb0x_hal_rtc.c:733:19:HAL_RTC_GetTime	32	static
../Drivers/STM32WB0x_HAL_Driver/Src/stm32wb0x_hal_rtc.c:778:19:HAL_RTC_SetDate	40	static
../Drivers/STM32WB0x_HAL_Driver/Src/stm32wb0x_hal_rtc.c:867:19:HAL_RTC_GetDate	32	static
../Drivers/STM32WB0x_HAL_Driver/Src/stm32wb0x_hal_rtc.c:925:19:HAL_RTC_SetAlarm	48	static
../Drivers/STM32WB0x_HAL_Driver/Src/stm32wb0x_hal_rtc.c:1082:19:HAL_RTC_SetAlarm_IT	48	static
../Drivers/STM32WB0x_HAL_Driver/Src/stm32wb0x_hal_rtc.c:1230:19:HAL_RTC_DeactivateAlarm	24	static
../Drivers/STM32WB0x_HAL_Driver/Src/stm32wb0x_hal_rtc.c:1296:19:HAL_RTC_GetAlarm	32	static
../Drivers/STM32WB0x_HAL_Driver/Src/stm32wb0x_hal_rtc.c:1337:6:HAL_RTC_AlarmIRQHandler	16	static
../Drivers/STM32WB0x_HAL_Driver/Src/stm32wb0x_hal_rtc.c:1367:13:HAL_RTC_AlarmAEventCallback	16	static
../Drivers/STM32WB0x_HAL_Driver/Src/stm32wb0x_hal_rtc.c:1384:19:HAL_RTC_PollForAlarmAEvent	24	static
../Drivers/STM32WB0x_HAL_Driver/Src/stm32wb0x_hal_rtc.c:1448:19:HAL_RTC_WaitForSynchro	24	static
../Drivers/STM32WB0x_HAL_Driver/Src/stm32wb0x_hal_rtc.c:1477:6:HAL_RTC_DST_Add1Hour	16	static
../Drivers/STM32WB0x_HAL_Driver/Src/stm32wb0x_hal_rtc.c:1491:6:HAL_RTC_DST_Sub1Hour	16	static
../Drivers/STM32WB0x_HAL_Driver/Src/stm32wb0x_hal_rtc.c:1505:6:HAL_RTC_DST_SetStoreOperation	16	static
../Drivers/STM32WB0x_HAL_Driver/Src/stm32wb0x_hal_rtc.c:1518:6:HAL_RTC_DST_ClearStoreOperation	16	static
../Drivers/STM32WB0x_HAL_Driver/Src/stm32wb0x_hal_rtc.c:1530:10:HAL_RTC_DST_ReadStoreOperation	16	static
../Drivers/STM32WB0x_HAL_Driver/Src/stm32wb0x_hal_rtc.c:1559:21:HAL_RTC_GetState	16	static
../Drivers/STM32WB0x_HAL_Driver/Src/stm32wb0x_hal_rtc.c:1585:19:RTC_EnterInitMode	24	static
../Drivers/STM32WB0x_HAL_Driver/Src/stm32wb0x_hal_rtc.c:1620:19:RTC_ExitInitMode	32	static
../Drivers/STM32WB0x_HAL_Driver/Src/stm32wb0x_hal_rtc.c:1646:9:RTC_ByteToBcd2	24	static
../Drivers/STM32WB0x_HAL_Driver/Src/stm32wb0x_hal_rtc.c:1664:9:RTC_Bcd2ToByte	24	static
