../../Drivers/STM32WBxx_HAL_Driver/Inc/stm32wbxx_ll_system.h:2223:26:LL_FLASH_GetUDN	4	static
../../Drivers/STM32WBxx_HAL_Driver/Inc/stm32wbxx_ll_system.h:2235:26:LL_FLASH_GetDeviceID	4	static
../../Drivers/STM32WBxx_HAL_Driver/Inc/stm32wbxx_ll_system.h:2247:26:LL_FLASH_GetSTCompanyID	4	static
C:/Users/Nicho/STM32Cube/Example/BLE_p2pClient/STM32_WPAN/App/app_ble.c:244:6:APP_BLE_Init	80	static
C:/Users/Nicho/STM32Cube/Example/BLE_p2pClient/STM32_WPAN/App/app_ble.c:373:28:SVCCTL_App_Notification	56	static
C:/Users/Nicho/STM32Cube/Example/BLE_p2pClient/STM32_WPAN/App/app_ble.c:700:22:APP_BLE_Get_Client_Connection_Status	16	static
C:/Users/Nicho/STM32Cube/Example/BLE_p2pClient/STM32_WPAN/App/app_ble.c:709:6:APP_BLE_Key_Button1_Action	8	static
C:/Users/Nicho/STM32Cube/Example/BLE_p2pClient/STM32_WPAN/App/app_ble.c:727:6:APP_BLE_Key_Button2_Action	4	static
C:/Users/Nicho/STM32Cube/Example/BLE_p2pClient/STM32_WPAN/App/app_ble.c:731:6:APP_BLE_Key_Button3_Action	4	static
C:/Users/Nicho/STM32Cube/Example/BLE_p2pClient/STM32_WPAN/App/app_ble.c:740:13:Ble_Tl_Init	16	static
C:/Users/Nicho/STM32Cube/Example/BLE_p2pClient/STM32_WPAN/App/app_ble.c:751:13:Ble_Hci_Gap_Gatt_Init	64	static
C:/Users/Nicho/STM32Cube/Example/BLE_p2pClient/STM32_WPAN/App/app_ble.c:963:13:Scan_Request	16	static
C:/Users/Nicho/STM32Cube/Example/BLE_p2pClient/STM32_WPAN/App/app_ble.c:993:13:Switch_OFF_GPIO	8	static
C:/Users/Nicho/STM32Cube/Example/BLE_p2pClient/STM32_WPAN/App/app_ble.c:1000:16:BleGetBdAddress	32	static
C:/Users/Nicho/STM32Cube/Example/BLE_p2pClient/STM32_WPAN/App/app_ble.c:1064:13:APP_BLE_Parse_Eddystone_TLM	32	static
C:/Users/Nicho/STM32Cube/Example/BLE_p2pClient/STM32_WPAN/App/app_ble.c:1184:6:APP_BLE_Get_Eddystone_TLM	16	static
C:/Users/Nicho/STM32Cube/Example/BLE_p2pClient/STM32_WPAN/App/app_ble.c:1208:6:hci_notify_asynch_evt	16	static
C:/Users/Nicho/STM32Cube/Example/BLE_p2pClient/STM32_WPAN/App/app_ble.c:1214:6:hci_cmd_resp_release	16	static
C:/Users/Nicho/STM32Cube/Example/BLE_p2pClient/STM32_WPAN/App/app_ble.c:1220:6:hci_cmd_resp_wait	16	static
C:/Users/Nicho/STM32Cube/Example/BLE_p2pClient/STM32_WPAN/App/app_ble.c:1226:13:BLE_UserEvtRx	24	static
C:/Users/Nicho/STM32Cube/Example/BLE_p2pClient/STM32_WPAN/App/app_ble.c:1246:13:BLE_StatusNot	24	static
C:/Users/Nicho/STM32Cube/Example/BLE_p2pClient/STM32_WPAN/App/app_ble.c:1275:6:SVCCTL_ResumeUserEventFlow	8	static
