../Drivers/STM32WB0x_HAL_Driver/Inc/stm32wb0x_ll_radio_timer.h:325:26:LL_RADIO_TIMER_GetAbsoluteTime	16	static
../Drivers/STM32WB0x_HAL_Driver/Inc/stm32wb0x_ll_bus.h:229:22:LL_AHB1_GRP1_EnableClock	24	static
../Drivers/STM32WB0x_HAL_Driver/Inc/stm32wb0x_ll_bus.h:642:22:LL_APB2_GRP1_EnableClock	24	static
../Drivers/STM32WB0x_HAL_Driver/Inc/stm32wb0x_ll_bus.h:659:26:LL_APB2_GRP1_IsEnabledClock	16	static
../Drivers/STM32WB0x_HAL_Driver/Inc/stm32wb0x_ll_bus.h:685:22:LL_APB2_GRP1_ForceReset	16	static
../Drivers/STM32WB0x_HAL_Driver/Inc/stm32wb0x_ll_bus.h:698:22:LL_APB2_GRP1_ReleaseReset	16	static
../Core/Src/main.c:95:5:main	48	static
../Core/Src/main.c:182:6:SystemClock_Config	48	static
../Core/Src/main.c:212:6:PeriphCommonClock_Config	32	static
../Core/Src/main.c:232:13:MX_ADC1_Init	32	static
../Core/Src/main.c:280:7:Read_Internal_Temperature	32	static
../Core/Src/main.c:315:13:MX_I2C1_Init	8	static
../Core/Src/main.c:363:13:MX_PKA_Init	8	static
../Core/Src/main.c:389:13:MX_RADIO_Init	16	static
../Core/Src/main.c:424:13:MX_RADIO_TIMER_Init	16	static
../Core/Src/main.c:463:13:MX_RNG_Init	8	static
../Core/Src/main.c:489:13:MX_RTC_Init	8	static
../Core/Src/main.c:523:13:MX_TIM2_Init	32	static
../Core/Src/main.c:565:6:MX_USART1_UART_Init	8	static
../Core/Src/main.c:613:13:MX_GPIO_Init	8	static
../Core/Src/main.c:640:6:Error_Handler	8	static,ignoring_inline_asm
